[backblue.gif]
[fade.gif]
[index.html]
[ipsusa.net/wp-content/uploads/2022/06/IPS-USA-Let-us-boost-your-Business.jpg]
[ipsusa.net/feed/index.html]
[ipsusa.net/comments/feed/index.html]
[ipsusa.net/front-page/feed/index.html]
[cdnjs.cloudflare.com/ajax/libs/font-awesome/4.7.0/css/font-awesome.minadc6.css]
[ipsusa.net/wp-includes/js/jquery/jquery.minf43b.js]
[ipsusa.net/wp-includes/js/jquery/jquery-migrate.min5589.js]
[ipsusa.net/wp-content/plugins/popup-maker/assets/js/vendor/mobile-detect.min3ba1.js]
[ipsusa.net/wp-content/plugins/aurora-heatmap/js/reportere225.js]
[ipsusa.net/wp-json/wp/v2/pages/2.json]
[ipsusa.net/wp-json/index.html]
[ipsusa.net/xmlrpc0db0.php]
[ipsusa.net/wp-json/oembed/1.0/embedc07e.json]
[ipsusa.net/wp-json/oembed/1.0/embeddfd3]
[www.ipsusa.net/wp-content/uploads/2022/02/usa-new-logo.png]
[ipsusa.net/wp-content/uploads/2021/04/img-webdevelopment.png]
[ipsusa.net/wp-content/themes/ipsusa/assets/img/shape/shape2.png]
[ipsusa.net/wp-content/themes/ipsusa/assets/img/shape/shape3.png]
[ipsusa.net/wp-content/themes/ipsusa/assets/img/shape/shape4.png]
[ipsusa.net/wp-content/themes/ipsusa/assets/img/shape/shape5.png]
[ipsusa.net/wp-content/themes/ipsusa/assets/img/shape/shape6.png]
[ipsusa.net/wp-content/themes/ipsusa/assets/img/shape/shape7.png]
[ipsusa.net/wp-content/themes/ipsusa/assets/img/shape/shape8.png]
[ipsusa.net/wp-content/themes/ipsusa/assets/img/shape/shape13.png]
[ipsusa.net/wp-content/uploads/2021/04/about-img1.jpg]
[ipsusa.net/wp-content/uploads/2021/10/invest.png]
[ipsusa.net/wp-content/themes/ipsusa/assets/img/shape/shape15.png]
[ipsusa.net/wp-content/uploads/2021/04/project-start1.png]
[ipsusa.net/wp-content/themes/ipsusa/assets/img/feedback-img1.jpg]
[ipsusa.net/wp-content/themes/ipsusa/assets/img/feedback-img2.jpg]
[ipsusa.net/wp-content/themes/ipsusa/assets/img/feedback-img3.jpg]
[ipsusa.net/wp-content/themes/ipsusa/assets/img/feedback-img4.jpg]
[ipsusa.net/wp-content/uploads/2021/04/user1.jpg]
[ipsusa.net/wp-content/uploads/2021/04/user2.jpg]
[ipsusa.net/wp-content/uploads/2021/04/user3.jpg]
[ipsusa.net/wp-content/themes/ipsusa/assets/img/shape/shape16.png]
[ipsusa.net/wp-content/themes/ipsusa/assets/img/portfolio/portfolio-img1.jpg]
[ipsusa.net/wp-content/themes/ipsusa/assets/img/portfolio/portfolio-img2.jpg]
[ipsusa.net/wp-content/themes/ipsusa/assets/img/portfolio/portfolio-img3.jpg]
[ipsusa.net/wp-content/themes/ipsusa/assets/img/portfolio/portfolio-img4.jpg]
[ipsusa.net/wp-content/themes/ipsusa/assets/img/portfolio/portfolio-img5.jpg]
[ipsusa.net/wp-content/themes/ipsusa/assets/img/customerslogos.png]
[ipsusa.net/wp-content/themes/ipsusa/assets/img/customers-logos-bg.png]
[ipsusa.net/wp-content/themes/ipsusa/assets/img/homecta-img.webp]
[ipsusa.net/wp-content/themes/ipsusa/assets/img/shape/shape9.png]
[ipsusa.net/wp-content/themes/ipsusa/assets/img/shape/shape10.png]
[ipsusa.net/wp-content/themes/ipsusa/assets/img/shape/shape11.png]
[ipsusa.net/wp-content/themes/ipsusa/assets/img/shape/shape12.png]
[www.ipsusa.net/wp-content/uploads/2022/02/new-05.png]
[ipsusa.net/wp-content/themes/ipsusa/assets/js/myloadmore8a54.js]
[ipsusa.net/wp-content/plugins/contact-form-7-multi-step-pro/assets/frontend/js/cf7mls21bb.js]
[ipsusa.net/wp-includes/js/dist/vendor/wp-polyfill-inert.min0226.js]
[ipsusa.net/wp-includes/js/dist/vendor/regenerator-runtime.min6c85.js]
[ipsusa.net/wp-includes/js/dist/vendor/wp-polyfill.min2c7c.js]
[ipsusa.net/wp-content/plugins/contact-form-7/includes/js/index04dd.js]
[ipsusa.net/wp-content/themes/ipsusa/assets/js/popper.min5152.js]
[ipsusa.net/wp-content/themes/ipsusa/assets/js/bootstrap.min5152.js]
[ipsusa.net/wp-content/themes/ipsusa/assets/js/appear.min5152.js]
[ipsusa.net/wp-content/themes/ipsusa/assets/js/odometer.min5152.js]
[ipsusa.net/wp-content/themes/ipsusa/assets/js/magnific-popup.min5152.js]
[ipsusa.net/wp-content/themes/ipsusa/assets/js/fancybox.min5152.js]
[ipsusa.net/wp-content/themes/ipsusa/assets/js/owl.carousel.min5152.js]
[ipsusa.net/wp-content/themes/ipsusa/assets/js/meanmenu.min5152.js]
[ipsusa.net/wp-content/themes/ipsusa/assets/js/nice-select.min5152.js]
[ipsusa.net/wp-content/themes/ipsusa/assets/js/sticky-sidebar.min5152.js]
[ipsusa.net/wp-content/themes/ipsusa/assets/js/wow.min5152.js]
[ipsusa.net/wp-content/themes/ipsusa/assets/js/form-validator.min5152.js]
[ipsusa.net/wp-content/themes/ipsusa/assets/js/contact-form-script5152.js]
[ipsusa.net/wp-content/themes/ipsusa/assets/js/ajaxchimp.min5152.js]
[ipsusa.net/wp-content/themes/ipsusa/assets/js/main5152.js]
[ipsusa.net/wp-includes/js/jquery/ui/core.min3f14.js]
[ipsusa.net/wp-content/uploads/pum/pum-site-scriptseb9f.js]
[ipsusa.net/index.html]
[ipsusa.net/old/wp-content/uploads/2018/06/favicon-32x32.html]
[ipsusa.net/wp-includes/css/dist/block-library/style.minadc6.css]
[ipsusa.net/wp-content/plugins/contact-form-7-multi-step-pro/assets/frontend/css/cf7mls21bb.css]
[ipsusa.net/wp-content/plugins/contact-form-7-multi-step-pro/assets/frontend/css/progress_bar21bb.css]
[ipsusa.net/wp-content/plugins/contact-form-7-multi-step-pro/assets/frontend/animate/animate.min21bb.css]
[ipsusa.net/wp-content/plugins/contact-form-7/includes/css/styles04dd.css]
[ipsusa.net/wp-content/themes/ipsusa/assets/css/bootstrap.minadc6.css]
[d3a1eo0ozlzntn.cloudfront.net/assets/js/frontend-v2/widgets-v2.24a197bed6.v2.js]
[ipsusa.net/wp-content/themes/ipsusa/assets/fonts/Flaticon.eot]
[ipsusa.net/wp-content/themes/ipsusa/assets/fonts/Flaticond41dd41d.eot]
[ipsusa.net/wp-content/themes/ipsusa/assets/fonts/Flaticon.woff2]
[ipsusa.net/wp-content/themes/ipsusa/assets/fonts/Flaticon.woff]
[ipsusa.net/wp-content/themes/ipsusa/assets/fonts/Flaticon.ttf]
[ipsusa.net/wp-content/themes/ipsusa/assets/css/flaticonadc6.css]
[ipsusa.net/wp-content/themes/ipsusa/assets/css/animate.minadc6.css]
[ipsusa.net/wp-content/themes/ipsusa/assets/css/owl.carousel.minadc6.css]
[ipsusa.net/wp-content/themes/ipsusa/assets/fonts/boxicons.eot]
[ipsusa.net/wp-content/themes/ipsusa/assets/fonts/boxicons.woff2]
[ipsusa.net/wp-content/themes/ipsusa/assets/fonts/boxicons.woff]
[ipsusa.net/wp-content/themes/ipsusa/assets/fonts/boxicons.ttf]
[ipsusa.net/wp-content/themes/ipsusa/assets/css/boxicons.minadc6.css]
[ipsusa.net/wp-content/themes/ipsusa/assets/css/meanmenu.minadc6.css]
[ipsusa.net/wp-content/themes/ipsusa/assets/css/nice-select.minadc6.css]
[ipsusa.net/wp-content/themes/ipsusa/assets/css/fancybox.minadc6.css]
[ipsusa.net/wp-content/themes/ipsusa/assets/css/odometer.minadc6.css]
[ipsusa.net/wp-content/themes/ipsusa/assets/css/magnific-popup.minadc6.css]
[ipsusa.net/wp-content/themes/ipsusa/assets/img/banner-bg.jpg]
[ipsusa.net/wp-content/themes/ipsusa/assets/img/banner-img1.jpg]
[ipsusa.net/wp-content/themes/ipsusa/assets/img/banner-bg2.jpg]
[ipsusa.net/wp-content/themes/ipsusa/assets/img/banner-img8.jpg]
[ipsusa.net/wp-content/themes/ipsusa/assets/img/about-img1.jpg]
[ipsusa.net/wp-content/themes/ipsusa/assets/img/testimonials-img.jpg]
[ipsusa.net/wp-content/themes/ipsusa/assets/img/bg.jpg]
[ipsusa.net/wp-content/themes/ipsusa/assets/img/blog/blog-img8.jpg]
[ipsusa.net/wp-content/themes/ipsusa/assets/img/blog/blog-img7.jpg]
[ipsusa.net/wp-content/themes/ipsusa/assets/img/blog/blog-img6.jpg]
[ipsusa.net/wp-content/themes/ipsusa/assets/img/coming-soon-bg.jpg]
[ipsusa.net/wp-content/themes/ipsusa/assets/css/styleadc6.css]
[ipsusa.net/wp-content/themes/ipsusa/assets/css/responsiveadc6.css]
[ipsusa.net/wp-content/themes/ipsusa/assets/img/website-creator-stylesadc6.css]
[cdnjs.cloudflare.com/ajax/libs/font-awesome/4.7.0/css/font-awesome.minadc6.css]
[ipsusa.net/wp-content/themes/ipsusa/assets/img/desin-banner.jpg]
[ipsusa.net/wp-content/themes/ipsusa/assets/img/customer-support-banner.jpg]
[ipsusa.net/wp-content/themes/ipsusa/assets/img/icon-client-revenue.png]
[ipsusa.net/wp-content/themes/ipsusa/assets/img/icon-clients-lead.png]
[ipsusa.net/wp-content/themes/ipsusa/assets/img/icon-phone-calls.png]
[ipsusa.net/wp-content/themes/ipsusa/assets/img/dev-services-banner1.bmp]
[ipsusa.net/wp-content/themes/ipsusa/assets/img/mareting-banner.jpg]
[www.webfx.com/assets/seo-services/img/icon-check.97.delayed]
[ipsusa.net/wp-content/themes/ipsusa/assets/img/about-banner.jpg]
[ipsusa.net/wp-content/themes/ipsusa/assets/img/contact-banner.jpg]
[ipsusa.net/wp-content/themes/ipsusa/assets/img/VITUE.jpg]
[ipsusa.net/wp-content/themes/ipsusa/assets/img/career-banner01.jpg]
[ipsusa.net/wp-content/themes/ipsusa/assets/css/ipsadc6.css]
[ipsusa.net/wp-content/themes/ipsusa/styleadc6.css]
[ipsusa.net/wp-content/plugins/newsletter/style9733.css]
[ipsusa.net/wp-content/plugins/aurora-heatmap/stylee225.css]
[ipsusa.net/wp-content/uploads/pum/pum-site-stylese46c.css]
[ipsusa.net/wp-content/themes/ipsusa/assets/img/down-arrow.svg]
[ipsusa.net/wp-content/uploads/2021/04/ui-ux_services-01.png]
[ipsusa.net/wp-json/oembed/1.0/embed2e85.json]
[ipsusa.net/wp-json/oembed/1.0/embedbe9f]
[ipsusa.net/wp-content/themes/ipsusa/assets/img/blog/blog-img1.jpg]
[ipsusa.net/wp-content/themes/ipsusa/assets/img/user1.jpg]
[ipsusa.net/wp-content/themes/ipsusa/assets/img/blog/blog-img2.jpg]
[ipsusa.net/wp-content/themes/ipsusa/assets/img/user2.jpg]
[ipsusa.net/wp-content/themes/ipsusa/assets/img/blog/blog-img3.jpg]
[ipsusa.net/wp-content/themes/ipsusa/assets/img/user3.jpg]
[ipsusa.net/wp-content/themes/ipsusa/assets/img/blog/blog-img4.jpg]
[ipsusa.net/services/creative-ui-ux/index.html]
[ipsusa.net/wp-content/uploads/2021/04/Web_and_App_Development_Services-01.png]
[ipsusa.net/wp-json/oembed/1.0/embedc9d8.json]
[ipsusa.net/wp-json/oembed/1.0/embed4e34]
[ipsusa.net/wp-content/themes/ipsusa/assets/img/Dev-services.png]
[ipsusa.net/wp-content/themes/ipsusa/assets/img/icon/icn-t01.jpg]
[ipsusa.net/wp-content/themes/ipsusa/assets/img/icon/icn-t02.jpg]
[ipsusa.net/wp-content/themes/ipsusa/assets/img/icon/icn-t03.jpg]
[ipsusa.net/wp-content/themes/ipsusa/assets/img/icon/icn-t04.jpg]
[ipsusa.net/wp-content/themes/ipsusa/assets/img/icon/icn-t05.jpg]
[ipsusa.net/wp-content/themes/ipsusa/assets/img/icon/icn-t06.jpg]
[ipsusa.net/wp-content/themes/ipsusa/assets/img/icon/icn-t07.jpg]
[ipsusa.net/wp-content/themes/ipsusa/assets/img/icon/icn-t08.jpg]
[ipsusa.net/wp-content/themes/ipsusa/assets/img/icon/icn-t09.jpg]
[ipsusa.net/wp-content/themes/ipsusa/assets/img/icon/icn-t10.jpg]
[ipsusa.net/wp-content/themes/ipsusa/assets/img/icon/icn-t11.jpg]
[ipsusa.net/wp-content/themes/ipsusa/assets/img/icon/icn-t13.jpg]
[ipsusa.net/wp-content/themes/ipsusa/assets/img/icon/icn-t14.jpg]
[ipsusa.net/wp-content/themes/ipsusa/assets/img/icon/icn-t15.jpg]
[ipsusa.net/wp-content/themes/ipsusa/assets/img/icon/icn-t16.jpg]
[ipsusa.net/wp-content/themes/ipsusa/assets/img/icon/icn-t17.jpg]
[ipsusa.net/wp-content/themes/ipsusa/assets/img/icon/icn-t18.jpg]
[ipsusa.net/wp-content/themes/ipsusa/assets/img/icon/icn-t19.jpg]
[ipsusa.net/wp-content/themes/ipsusa/assets/img/icon/icn-t20.jpg]
[ipsusa.net/wp-content/themes/ipsusa/assets/img/icon/icn-t21.jpg]
[ipsusa.net/wp-content/themes/ipsusa/assets/img/icon/icn-t23.jpg]
[ipsusa.net/wp-content/themes/ipsusa/assets/img/icon/icn-t25.jpg]
[ipsusa.net/wp-content/themes/ipsusa/assets/img/icon/icn-t27.jpg]
[ipsusa.net/wp-content/themes/ipsusa/assets/img/icon/icn-t28.jpg]
[ipsusa.net/wp-content/themes/ipsusa/assets/img/icon/icn-t30.jpg]
[ipsusa.net/wp-content/themes/ipsusa/assets/img/icon/icn-t31.jpg]
[ipsusa.net/wp-content/themes/ipsusa/assets/img/icon/icn-t32.jpg]
[ipsusa.net/wp-content/themes/ipsusa/assets/img/icon/icn-t33.jpg]
[ipsusa.net/services/development/index.html]
[ipsusa.net/wp-content/uploads/2021/04/Digital_Marketing_Services-01.png]
[ipsusa.net/wp-json/oembed/1.0/embed83f0.json]
[ipsusa.net/wp-json/oembed/1.0/embed84a0]
[ipsusa.net/wp-content/themes/ipsusa/assets/img/DM-company.png]
[ipsusa.net/services/digital-marketing/index.html]
[ipsusa.net/wp-content/uploads/2021/04/Customer_Support_Service-01.png]
[ipsusa.net/wp-json/oembed/1.0/embed743c.json]
[ipsusa.net/wp-json/oembed/1.0/embed4e5d]
[ipsusa.net/wp-content/themes/ipsusa/assets/img/cutomer-support.png]
[ipsusa.net/services/customer-support/index.html]
[ipsusa.net/wp-content/uploads/2022/04/About_Us-01.png]
[ipsusa.net/wp-json/wp/v2/pages/536.json]
[ipsusa.net/wp-json/oembed/1.0/embed9598.json]
[ipsusa.net/wp-json/oembed/1.0/embed2f71]
[ipsusa.net/wp-content/uploads/2021/06/bpo-service1.jpg]
[ipsusa.net/wp-content/uploads/2021/06/Software-Development.jpg]
[ipsusa.net/wp-content/uploads/2021/06/DigitalMarketingExperts.jpg]
[ipsusa.net/wp-content/uploads/2021/06/WebDevelopment.jpg]
[ipsusa.net/wp-content/uploads/2021/06/HealthcareITEnablers.jpg]
[ipsusa.net/wp-content/uploads/2021/06/CloudComputing.jpg]
[ipsusa.net/wp-content/uploads/2021/10/customer-satisfaction.jpg]
[ipsusa.net/about-us/index.html]
[ipsusa.net/wp-content/uploads/2022/04/Careers-01.png]
[ipsusa.net/wp-json/wp/v2/pages/538.json]
[ipsusa.net/wp-json/oembed/1.0/embedd4b9.json]
[ipsusa.net/wp-json/oembed/1.0/embedc244]
[ipsusa.net/wp-content/themes/ipsusa/assets/img/project-start1.png]
[ipsusa.net/careers/index.html]
[ipsusa.net/wp-content/uploads/2022/06/IPS-USA-Blogs-and-News.jpg]
[ipsusa.net/wp-json/wp/v2/pages/540.json]
[ipsusa.net/wp-json/oembed/1.0/embedc296.json]
[ipsusa.net/wp-json/oembed/1.0/embedc6d9]
[ipsusa.net/wp-content/uploads/2022/08/7-Digital-Marketing-Strategies-for-Your-Company.jpg]
[ipsusa.net/wp-content/uploads/2022/07/Customer-Support-Services-Are-Crucial-for-Online-Business-Growth.jpg]
[ipsusa.net/wp-content/uploads/2022/06/The-Basics-of-Web-Development-Services-A-Beginners-Guide.jpg]
[ipsusa.net/wp-content/uploads/2022/05/What-will-the-Packaging-Design-Trends-be-like-in-2022.jpg]
[ipsusa.net/wp-content/uploads/2022/04/How-can-we-build-a-strong-online-presence-for-our-brand.png]
[ipsusa.net/wp-content/uploads/2022/01/How-Do-the-Best-Digital-Marketing-Companies-Work.png]
[ipsusa.net/wp-content/uploads/2021/12/How-to-Perform-a-Proper-Website-Security-Audit-01-744x386.jpg]
[ipsusa.net/wp-content/uploads/2021/11/The-2022-Mobile-App-01-744x386.jpg]
[ipsusa.net/wp-content/uploads/2021/11/All-About-IPS-USA-The-Hub-of-Digital-Marketing-Services-01-744x386.jpg]
[ipsusa.net/wp-content/uploads/2021/11/IPS-USA-Predicts-the-Future-of-Social-Media-Marketing-2.jpg]
[ipsusa.net/wp-content/uploads/2022/08/7-Digital-Marketing-Strategies-for-Your-Company-150x150.jpg]
[ipsusa.net/wp-content/uploads/2022/07/Customer-Support-Services-Are-Crucial-for-Online-Business-Growth-150x150.jpg]
[ipsusa.net/wp-content/uploads/2022/06/The-Basics-of-Web-Development-Services-A-Beginners-Guide-150x150.jpg]
[ipsusa.net/blog/index.html]
[ipsusa.net/wp-content/uploads/2022/06/contact-us.jpg]
[ipsusa.net/wp-json/wp/v2/pages/543.json]
[ipsusa.net/wp-json/oembed/1.0/embed0676.json]
[ipsusa.net/wp-json/oembed/1.0/embedc8f0]
[ipsusa.net/wp-content/themes/ipsusa/assets/img/contact.png]
[ipsusa.net/contact-us/index.html]
[ipsusa.net/wp-content/uploads/2021/04/svgexport-1.svg]
[ipsusa.net/wp-content/uploads/2021/04/svgexport-3.svg]
[ipsusa.net/wp-content/uploads/2021/04/svgexport-4.svg]
[ipsusa.net/services/creative-ux/index.html]
[ipsusa.net/services/development-services/index.html]
[ipsusa.net/chrome-extension_/ddafdejlekcmnafgnbllcfkebabhabcl/html/tpc.html]
[ipsusa.net/chrome-extension_/ddafdejlekcmnafgnbllcfkebabhabcl/images/zshare.html]
[ipsusa.net/_https_/ipsusa.net/wp-content/themes/ipsusa/assets/img/homecta-img.html]
[ipsusa.net/wp-json/wp/v2/pages/3.json]
[ipsusa.net/wp-json/oembed/1.0/embedbdfe.json]
[ipsusa.net/wp-json/oembed/1.0/embed16bb]
[ipsusa.net/privacy-policy/index.html]
[ipsusa.net/wp-content/plugins/contact-form-7-multi-step-pro/assets/frontend/img/loader.svg]
[ipsusa.net/wp-content/themes/ipsusa/assets/fonts/Flaticon.svg]
[ipsusa.net/wp-content/themes/ipsusa/assets/css/owl.video.play.html]
[ipsusa.net/wp-content/themes/ipsusa/assets/fonts/boxiconsd41dd41d.svg]
[ipsusa.net/assets/homepage/icon/icon-file.html]
[ipsusa.net/assets/homepage/icon/icon-calls-generated.html]
[ipsusa.net/assets/homepage/icon/icon-ecommerce.html]
[ipsusa.net/wp-content/themes/ipsusa/assets/css/img/message-square.html]
[ipsusa.net/wp-content/themes/ipsusa/assets/img/common-small-arrow-right.svg]
[ipsusa.net/wp-content/themes/ipsusa/assets/img/Capture.-Interact.-Grow.html]
[ipsusa.net/assets/seo-services/img/icon-check.html]
[ipsusa.net/assets/seo-services/img/icon-small-phone-cta.html]
[ipsusa.net/wp-content/themes/ipsusa/assets/img/cta-earn-more-revenue-bg.html]
[ipsusa.net/wp-content/themes/ipsusa/assets/img/speak-seo-strategist-bg.html]
[ipsusa.net/assets/seo-services/fonts/icomoon7b55.html]
[ipsusa.net/assets/seo-services/fonts/icomoon7b55-2.html]
[ipsusa.net/assets/seo-services/fonts/icomoon7b55-3.html]
[ipsusa.net/assets/seo-services/fonts/icomoon7b55-4.html]
[ipsusa.net/assets/seo-services/img/seo-service-intro/bg-service-intro.html]
[www.webfx.com/assets/seo-services/img/icon-check.html]
[ipsusa.net/index9a9b.html]
[ipsusa.net/wp-content/themes/ipsusa/assets/img/project-steps-step-1.svg]
[ipsusa.net/wp-content/themes/ipsusa/assets/img/project-steps-step-2.svg]
[ipsusa.net/wp-content/themes/ipsusa/assets/img/project-steps-step-3.svg]
[ipsusa.net/services/creative-ui-ux/_https_/ipsusa.net/wp-content/themes/ipsusa/assets/img/homecta-img.html]
[ipsusa.net/index7414.html]
[ipsusa.net/services/development/_https_/ipsusa.net/wp-content/themes/ipsusa/assets/img/homecta-img.html]
[ipsusa.net/index6ca3.html]
[ipsusa.net/services/digital-marketing/_https_/ipsusa.net/wp-content/themes/ipsusa/assets/img/homecta-img.html]
[ipsusa.net/index5ff4.html]
[ipsusa.net/services/customer-support/_https_/ipsusa.net/wp-content/themes/ipsusa/assets/img/homecta-img.html]
[ipsusa.net/indexd379.html]
[ipsusa.net/about-us/chrome-extension_/ddafdejlekcmnafgnbllcfkebabhabcl/html/tpc.html]
[ipsusa.net/about-us/chrome-extension_/ddafdejlekcmnafgnbllcfkebabhabcl/images/zshare.html]
[ipsusa.net/indexfdd5.html]
[ipsusa.net/index092b.html]
[ipsusa.net/blog/7-digital-marketing-strategies-for-your-company/feed/index.html]
[ipsusa.net/wp-json/wp/v2/posts/5678.json]
[ipsusa.net/wp-json/oembed/1.0/embeda136.json]
[ipsusa.net/wp-json/oembed/1.0/embedcbbf]
[ipsusa.net/wp-includes/js/comment-reply.minadc6.js]
[ipsusa.net/blog/7-digital-marketing-strategies-for-your-company/index.html]
[ipsusa.net/wp-json/wp/v2/posts/5666.json]
[ipsusa.net/blog/customer-support-services-are-crucial-for-online-business-growth/feed/index.html]
[ipsusa.net/wp-json/oembed/1.0/embed1f6e.json]
[ipsusa.net/wp-json/oembed/1.0/embed83b9]
[ipsusa.net/blog/customer-support-services-are-crucial-for-online-business-growth/index.html]
[ipsusa.net/wp-json/wp/v2/posts/5657.json]
[ipsusa.net/blog/basics-of-web-development-services/feed/index.html]
[ipsusa.net/wp-json/oembed/1.0/embed2886.json]
[ipsusa.net/wp-json/oembed/1.0/embedd53e]
[ipsusa.net/blog/basics-of-web-development-services/index.html]
[ipsusa.net/wp-json/wp/v2/posts/5472.json]
[ipsusa.net/blog/packaging-design-trends-in-2022/feed/index.html]
[ipsusa.net/wp-json/oembed/1.0/embede71d.json]
[ipsusa.net/wp-json/oembed/1.0/embed706e]
[ipsusa.net/blog/packaging-design-trends-in-2022/index.html]
[ipsusa.net/wp-json/wp/v2/posts/5390.json]
[ipsusa.net/blog/how-can-we-build-a-strong-online-presence-for-our-brand/feed/index.html]
[ipsusa.net/wp-json/oembed/1.0/embed1d54.json]
[ipsusa.net/wp-json/oembed/1.0/embede76e]
[ipsusa.net/blog/how-can-we-build-a-strong-online-presence-for-our-brand/index.html]
[ipsusa.net/wp-json/wp/v2/posts/5319.json]
[ipsusa.net/blog/how-do-the-best-digital-marketing-companies-work/feed/index.html]
[ipsusa.net/wp-json/oembed/1.0/embed496c.json]
[ipsusa.net/wp-json/oembed/1.0/embed4c58]
[ipsusa.net/blog/how-do-the-best-digital-marketing-companies-work/index.html]
[ipsusa.net/wp-content/uploads/2021/12/How-to-Perform-a-Proper-Website-Security-Audit-01-scaled.jpg]
[ipsusa.net/wp-json/wp/v2/posts/5315.json]
[ipsusa.net/blog/how-to-perform-a-proper-website-security-audit/feed/index.html]
[ipsusa.net/wp-json/oembed/1.0/embed562a.json]
[ipsusa.net/wp-json/oembed/1.0/embed981e]
[ipsusa.net/blog/how-to-perform-a-proper-website-security-audit/index.html]
[ipsusa.net/wp-content/uploads/2021/11/The-2022-Mobile-App-01.jpg]
[ipsusa.net/wp-json/wp/v2/posts/5309.json]
[ipsusa.net/blog/mobile-app-development-trends-you-should-focus-on-2022/feed/index.html]
[ipsusa.net/wp-json/oembed/1.0/embedeea7.json]
[ipsusa.net/wp-json/oembed/1.0/embed742a]
[ipsusa.net/blog/mobile-app-development-trends-you-should-focus-on-2022/index.html]
[ipsusa.net/wp-content/uploads/2021/11/All-About-IPS-USA-The-Hub-of-Digital-Marketing-Services-01.jpg]
[ipsusa.net/wp-json/wp/v2/posts/5303.json]
[ipsusa.net/wp-json/oembed/1.0/embed8c0d.json]
[ipsusa.net/blog/all-about-ipsusa-the-hub-of-digital-marketing-services/feed/index.html]
[ipsusa.net/wp-json/oembed/1.0/embedfdf2]
[ipsusa.net/blog/all-about-ipsusa-the-hub-of-digital-marketing-services/index.html]
[ipsusa.net/wp-json/wp/v2/posts/5300.json]
[ipsusa.net/blog/ips-usa-predicts-the-future-of-social-media-marketing/feed/index.html]
[ipsusa.net/wp-json/oembed/1.0/embeddeff.json]
[ipsusa.net/wp-json/oembed/1.0/embed88ce]
[ipsusa.net/blog/ips-usa-predicts-the-future-of-social-media-marketing/index.html]
[ipsusa.net/wp-json/wp/v2/categories/124.json]
[ipsusa.net/blog/category/android-app-development/index.html]
[ipsusa.net/blog/category/android-app-development/feed/index.html]
[ipsusa.net/wp-json/wp/v2/categories/135.json]
[ipsusa.net/blog/category/bpo/feed/index.html]
[ipsusa.net/wp-content/uploads/2021/09/Customer-Support-Services-A-Way-to-Enhance-Online-Marketing.jpg]
[ipsusa.net/wp-content/uploads/2021/08/How-to-Improve-Customer-Support-Services-1.jpg]
[ipsusa.net/wp-content/uploads/2021/07/Work-with-the-right-BPO-Company-for-your-business-1.jpg]
[ipsusa.net/wp-content/uploads/2020/08/Work-on-these-Three-Strategies-to-Grow-Your-Business-1.jpg]
[ipsusa.net/wp-content/uploads/2020/08/E-Commerce-Automation-–-A-Way-to-Invest-in-Business-Growth.jpg]
[ipsusa.net/wp-content/uploads/2019/04/Why-Businesses-Outsource-IT-Operations-to-BPO-Services-1.jpg]
[ipsusa.net/wp-content/uploads/2019/04/3-Kings-of-BPO-Industry-in-the-United-States.jpg]
[ipsusa.net/wp-content/uploads/2019/04/The-Pros-of-BPO-Outweigh-the-Cons-1.jpg]
[ipsusa.net/wp-content/uploads/2019/03/4-Trade-Secrets-of-Top-BPO-Service-Providers.jpg]
[ipsusa.net/wp-content/uploads/2019/03/Effect-of-BPO-on-Domestic-Economy-of-the-U.jpg]
[ipsusa.net/blog/category/bpo/index.html]
[ipsusa.net/wp-json/wp/v2/categories/106.json]
[ipsusa.net/blog/category/call-center/feed/index.html]
[ipsusa.net/wp-content/uploads/2021/10/Why-Is-Call-Center-Outsourcing-Best-for-Your-Business-1.jpg]
[ipsusa.net/wp-content/uploads/2021/07/7-Qualities-You-Really-Need-in-a-Call-Center-Agent-1.jpg]
[ipsusa.net/wp-content/uploads/2020/07/Features-to-understand-before-outsourcing-call-center-services-1.jpg]
[ipsusa.net/wp-content/uploads/2020/07/Things-to-check-before-outsourcing-call-center-services-1.jpg]
[ipsusa.net/wp-content/uploads/2020/06/3-steps-to-establish-a-call-center-outsourcing-company-1.jpg]
[ipsusa.net/wp-content/uploads/2020/03/Do-What-You-Do-Best-And-Outsource-the-Rest-1.jpg]
[ipsusa.net/wp-content/uploads/2020/03/Why-should-your-business-go-for-call-center-outsourcing-1.jpg]
[ipsusa.net/blog/category/call-center/index.html]
[ipsusa.net/wp-json/wp/v2/categories/102.json]
[ipsusa.net/blog/category/cloud-services/feed/index.html]
[ipsusa.net/wp-content/uploads/2020/05/Emerging-Cloud-Technologies-How-They-Can-Revolutionize-the-Way-We-Work.jpg]
[ipsusa.net/blog/category/cloud-services/index.html]
[ipsusa.net/wp-json/wp/v2/categories/129.json]
[ipsusa.net/wp-content/uploads/2020/06/3-Qualities-to-Look-for-While-Hiring-a-Content-Marketer-1.jpg]
[ipsusa.net/blog/category/content-marketing/feed/index.html]
[ipsusa.net/wp-content/uploads/2019/09/Top-3-Types-of-Content-that-Get-the-Most-Attention-1.jpg]
[ipsusa.net/blog/category/content-marketing/index.html]
[ipsusa.net/wp-json/wp/v2/categories/131.json]
[ipsusa.net/blog/category/covid-19/feed/index.html]
[ipsusa.net/wp-content/uploads/2020/04/How-to-Manage-Your-Social-Media-Amidst-COVID-19-2.jpg]
[ipsusa.net/wp-content/uploads/2020/04/6-Activities-to-Help-Deal-with-Anxiety-While-COVID-19-Quarantine-1.jpg]
[ipsusa.net/blog/category/covid-19/index.html]
[ipsusa.net/wp-json/wp/v2/categories/122.json]
[ipsusa.net/blog/category/development/feed/index.html]
[ipsusa.net/wp-content/uploads/2021/02/Things-Your-Web-Design-Must-Have-to-Outshine-the-Competition.jpg]
[ipsusa.net/wp-content/uploads/2021/01/Web-Development-Services-Related-Myths-Debunked.jpg]
[ipsusa.net/wp-content/uploads/2021/01/6-KPIs-to-Improve-by-Expert-Web-Development-Services-1.jpg]
[ipsusa.net/wp-content/uploads/2021/01/Why-Web-Development-Services-Fail-to-Impress-Their-Clients.jpg]
[ipsusa.net/wp-content/uploads/2020/12/Trends-in-Web-Development-Services-to-Watch-Out-For-in-2021.jpg]
[ipsusa.net/wp-content/uploads/2020/12/What-is-the-True-Cost-of-Bad-Web-Development-Services-1.jpg]
[ipsusa.net/wp-content/uploads/2020/12/How-Web-Development-Services-Design-E-Commerce-Websites-1.jpg]
[ipsusa.net/blog/category/development/index.html]
[ipsusa.net/wp-json/wp/v2/categories/127.json]
[ipsusa.net/blog/category/digital-marketing/feed/index.html]
[ipsusa.net/wp-content/uploads/2021/11/Should-You-Outsource-Your-Digital-Marketing-Services-2.jpg]
[ipsusa.net/wp-content/uploads/2021/10/How-Does-YouTube-Help-with-Online-Marketing-1.jpg]
[ipsusa.net/wp-content/uploads/2021/09/Elements-of-a-Successful-Digital-Marketing-Strategy.jpg]
[ipsusa.net/wp-content/uploads/2020/10/10-Best-Ways-to-Increase-Your-Business-Sales-by-using-SEO.jpg]
[ipsusa.net/wp-content/uploads/2020/10/Grow-Your-Business-Online-via-These-4-Easy-Ways.jpg]
[ipsusa.net/blog/category/digital-marketing/index.html]
[ipsusa.net/wp-json/wp/v2/categories/134.json]
[ipsusa.net/wp-content/uploads/2019/05/Is-Outsourcing-the-Best-Option-for-Small-Businesses.jpg]
[ipsusa.net/blog/category/outsourcing/feed/index.html]
[ipsusa.net/wp-content/uploads/2019/03/Escalate-Business-Growth-with-the-Following-Offshoring-Benefits-1.jpg]
[ipsusa.net/blog/category/outsourcing/index.html]
[ipsusa.net/wp-json/wp/v2/categories/132.json]
[ipsusa.net/blog/category/ppc-marketing/feed/index.html]
[ipsusa.net/wp-content/uploads/2020/02/3-Reasons-Why-Businesses-Must-Use-Google-AdWords-2.jpg]
[ipsusa.net/wp-content/uploads/2020/01/Your-Business-Needs-the-Right-SEO-PPC-Combination.jpg]
[ipsusa.net/blog/category/ppc-marketing/index.html]
[ipsusa.net/wp-json/wp/v2/categories/128.json]
[ipsusa.net/blog/category/seo/feed/index.html]
[ipsusa.net/wp-content/uploads/2020/10/Why-Should-You-Outsource-SEO-Services.jpg]
[ipsusa.net/wp-content/uploads/2020/09/SEO-Services-A-to-Z-of-Copywriting-for-Beginners-1.jpg]
[ipsusa.net/wp-content/uploads/2020/01/Why-Is-It-A-Good-Idea-to-Outsource-SEO-Services-in-America-1.jpg]
[ipsusa.net/wp-content/uploads/2019/06/6-SEO-Tactics-to-Boost-WordPress-Websites-1.jpg]
[ipsusa.net/wp-content/uploads/2019/03/The-3-Little-Secrets-of-SEO-Friendly-Content.jpg]
[ipsusa.net/wp-content/uploads/2019/01/Top-3-SEO-Plugins-for-Optimization-of-a-Website-on-WordPress.jpg]
[ipsusa.net/wp-content/uploads/2018/12/Top-Five-Off-Site-SEO-Tactics-To-Rule-On-SERPs-in-2021-2.jpg]
[ipsusa.net/wp-content/uploads/2018/12/SEO-Strategies-that-can-Work-Wonders-for-Small-budgets-1.jpg]
[ipsusa.net/blog/category/seo/index.html]
[ipsusa.net/wp-json/wp/v2/categories/133.json]
[ipsusa.net/blog/category/social-media/feed/index.html]
[ipsusa.net/wp-content/uploads/2019/10/3-Dos-Donts-of-Social-Media-Marketing-2.jpg]
[ipsusa.net/blog/category/social-media/index.html]
[ipsusa.net/wp-json/wp/v2/categories/184.json]
[ipsusa.net/blog/category/ui-ux-services/index.html]
[ipsusa.net/blog/category/ui-ux-services/feed/index.html]
[ipsusa.net/wp-json/wp/v2/categories/123.json]
[ipsusa.net/blog/category/web-development/feed/index.html]
[ipsusa.net/wp-content/uploads/2020/12/Top-3-Web-Development-Services-Trends-for-2021-Beyond-1.jpg]
[ipsusa.net/wp-content/uploads/2020/12/5-Tips-for-Business-Growth-via-Web-Development-Services.jpg]
[ipsusa.net/blog/category/web-development/index.html]
[ipsusa.net/indexc182.html]
[ipsusa.net/index2207.html]
[ipsusa.net/index3d92.html]
[ipsusa.net/blog/7-digital-marketing-strategies-for-your-company/assets/img/user1.html]
[ipsusa.net/blog/7-digital-marketing-strategies-for-your-company/assets/img/blog/blog-img2.html]
[ipsusa.net/blog/7-digital-marketing-strategies-for-your-company/assets/img/blog/blog-img3.html]
[ipsusa.net/blog/7-digital-marketing-strategies-for-your-company/assets/img/user2.html]
[ipsusa.net/blog/7-digital-marketing-strategies-for-your-company/assets/img/user3.html]
[ipsusa.net/blog/7-digital-marketing-strategies-for-your-company/assets/img/user4.html]
[ipsusa.net/index96d6.html]
[ipsusa.net/blog/is-outsourcing-the-best-option-for-small-businesses/feed/index.html]
[ipsusa.net/wp-json/wp/v2/posts/3901.json]
[ipsusa.net/wp-json/oembed/1.0/embed1b64.json]
[ipsusa.net/wp-json/oembed/1.0/embed6510]
[ipsusa.net/blog/is-outsourcing-the-best-option-for-small-businesses/index.html]
[ipsusa.net/blog/customer-support-services-are-crucial-for-online-business-growth/assets/img/user1.html]
[ipsusa.net/blog/customer-support-services-are-crucial-for-online-business-growth/assets/img/blog/blog-img2.html]
[ipsusa.net/blog/customer-support-services-are-crucial-for-online-business-growth/assets/img/blog/blog-img3.html]
[ipsusa.net/blog/customer-support-services-are-crucial-for-online-business-growth/assets/img/user2.html]
[ipsusa.net/blog/customer-support-services-are-crucial-for-online-business-growth/assets/img/user3.html]
[ipsusa.net/blog/customer-support-services-are-crucial-for-online-business-growth/assets/img/user4.html]
[ipsusa.net/index8b1f.html]
[ipsusa.net/blog/basics-of-web-development-services/assets/img/user1.html]
[ipsusa.net/blog/basics-of-web-development-services/assets/img/blog/blog-img2.html]
[ipsusa.net/blog/basics-of-web-development-services/assets/img/blog/blog-img3.html]
[ipsusa.net/blog/basics-of-web-development-services/assets/img/user2.html]
[ipsusa.net/blog/basics-of-web-development-services/assets/img/user3.html]
[ipsusa.net/blog/basics-of-web-development-services/assets/img/user4.html]
[ipsusa.net/index33c5.html]
[ipsusa.net/blog/packaging-design-trends-in-2022/chrome-extension_/lopnbnfpjmgpbppclhclehhgafnifija/aiscripts/t.html]
[ipsusa.net/blog/packaging-design-trends-in-2022/chrome-extension_/lopnbnfpjmgpbppclhclehhgafnifija/aiscripts/script-main.html]
[ipsusa.net/blog/packaging-design-trends-in-2022/assets/img/user1.html]
[ipsusa.net/blog/packaging-design-trends-in-2022/assets/img/blog/blog-img2.html]
[ipsusa.net/blog/packaging-design-trends-in-2022/assets/img/blog/blog-img3.html]
[ipsusa.net/blog/packaging-design-trends-in-2022/assets/img/user2.html]
[ipsusa.net/blog/packaging-design-trends-in-2022/assets/img/user3.html]
[ipsusa.net/blog/packaging-design-trends-in-2022/assets/img/user4.html]
[ipsusa.net/indexf949.html]
[ipsusa.net/blog/how-can-we-build-a-strong-online-presence-for-our-brand/assets/img/user1.html]
[ipsusa.net/blog/how-can-we-build-a-strong-online-presence-for-our-brand/assets/img/blog/blog-img2.html]
[ipsusa.net/blog/how-can-we-build-a-strong-online-presence-for-our-brand/assets/img/blog/blog-img3.html]
[ipsusa.net/blog/how-can-we-build-a-strong-online-presence-for-our-brand/assets/img/user2.html]
[ipsusa.net/blog/how-can-we-build-a-strong-online-presence-for-our-brand/assets/img/user3.html]
[ipsusa.net/blog/how-can-we-build-a-strong-online-presence-for-our-brand/assets/img/user4.html]
[ipsusa.net/blog/How Do-the-Best-Digital-Marketing-Companies-Work.html]
[ipsusa.net/index949b.html]
[ipsusa.net/blog/how-do-the-best-digital-marketing-companies-work/chrome-extension_/lopnbnfpjmgpbppclhclehhgafnifija/aiscripts/t.html]
[ipsusa.net/blog/how-do-the-best-digital-marketing-companies-work/chrome-extension_/lopnbnfpjmgpbppclhclehhgafnifija/aiscripts/script-main.html]
[ipsusa.net/blog/how-do-the-best-digital-marketing-companies-work/assets/img/user1.html]
[ipsusa.net/blog/how-do-the-best-digital-marketing-companies-work/assets/img/blog/blog-img2.html]
[ipsusa.net/blog/how-do-the-best-digital-marketing-companies-work/assets/img/blog/blog-img3.html]
[ipsusa.net/blog/how-do-the-best-digital-marketing-companies-work/assets/img/user2.html]
[ipsusa.net/blog/how-do-the-best-digital-marketing-companies-work/assets/img/user3.html]
[ipsusa.net/blog/how-do-the-best-digital-marketing-companies-work/assets/img/user4.html]
[ipsusa.net/wp-json/oembed/1.0/embed4473.json]
[ipsusa.net/wp-json/oembed/1.0/embed2a70]
[ipsusa.net/blog/How-to-Perform-a-Proper-Website-Security-Audit/index-2.html]
[ipsusa.net/indexad6f.html]
[ipsusa.net/wp-content/uploads/2020/06/5-Skills-that-Experts-Say-You-Should-Learn.jpg]
[ipsusa.net/wp-json/wp/v2/posts/4151.json]
[ipsusa.net/blog/5-skills-that-experts-say-you-should-learn-in-2020/feed/index.html]
[ipsusa.net/wp-json/oembed/1.0/embedd404.json]
[ipsusa.net/wp-json/oembed/1.0/embedecf8]
[ipsusa.net/blog/5-skills-that-experts-say-you-should-learn-in-2020/index.html]
[ipsusa.net/blog/how-to-perform-a-proper-website-security-audit/chrome-extension_/ddafdejlekcmnafgnbllcfkebabhabcl/html/tpc.html]
[ipsusa.net/blog/how-to-perform-a-proper-website-security-audit/chrome-extension_/ddafdejlekcmnafgnbllcfkebabhabcl/images/zshare.html]
[ipsusa.net/blog/how-to-perform-a-proper-website-security-audit/assets/img/user1.html]
[ipsusa.net/blog/how-to-perform-a-proper-website-security-audit/assets/img/blog/blog-img2.html]
[ipsusa.net/blog/how-to-perform-a-proper-website-security-audit/assets/img/blog/blog-img3.html]
[ipsusa.net/blog/how-to-perform-a-proper-website-security-audit/assets/img/user2.html]
[ipsusa.net/blog/how-to-perform-a-proper-website-security-audit/assets/img/user3.html]
[ipsusa.net/blog/how-to-perform-a-proper-website-security-audit/assets/img/user4.html]
[ipsusa.net/blog/Mobile-App-Development-Trends-You-Should-Focus-On-[2022].html]
[ipsusa.net/wp-json/oembed/1.0/embed5ea0.json]
[ipsusa.net/wp-json/oembed/1.0/embed2c69]
[ipsusa.net/blog/Mobile-App-Development-Trends-You-Should-Focus-On-[2022]/index.html]
[ipsusa.net/index7217.html]
[ipsusa.net/blog/mobile-app-development-trends-you-should-focus-on-2022/chrome-extension_/ddafdejlekcmnafgnbllcfkebabhabcl/html/tpc.html]
[ipsusa.net/blog/mobile-app-development-trends-you-should-focus-on-2022/chrome-extension_/ddafdejlekcmnafgnbllcfkebabhabcl/images/zshare.html]
[ipsusa.net/blog/mobile-app-development-trends-you-should-focus-on-2022/chrome-extension_/lopnbnfpjmgpbppclhclehhgafnifija/aiscripts/t.html]
[ipsusa.net/blog/mobile-app-development-trends-you-should-focus-on-2022/chrome-extension_/lopnbnfpjmgpbppclhclehhgafnifija/aiscripts/script-main.html]
[ipsusa.net/blog/mobile-app-development-trends-you-should-focus-on-2022/assets/img/user1.html]
[ipsusa.net/blog/mobile-app-development-trends-you-should-focus-on-2022/assets/img/blog/blog-img2.html]
[ipsusa.net/blog/mobile-app-development-trends-you-should-focus-on-2022/assets/img/blog/blog-img3.html]
[ipsusa.net/blog/mobile-app-development-trends-you-should-focus-on-2022/assets/img/user2.html]
[ipsusa.net/blog/mobile-app-development-trends-you-should-focus-on-2022/assets/img/user3.html]
[ipsusa.net/blog/mobile-app-development-trends-you-should-focus-on-2022/assets/img/user4.html]
[ipsusa.net/index1b90.html]
[ipsusa.net/blog/all-about-ipsusa-the-hub-of-digital-marketing-services/assets/img/user1.html]
[ipsusa.net/blog/all-about-ipsusa-the-hub-of-digital-marketing-services/assets/img/blog/blog-img2.html]
[ipsusa.net/blog/all-about-ipsusa-the-hub-of-digital-marketing-services/assets/img/blog/blog-img3.html]
[ipsusa.net/blog/all-about-ipsusa-the-hub-of-digital-marketing-services/assets/img/user2.html]
[ipsusa.net/blog/all-about-ipsusa-the-hub-of-digital-marketing-services/assets/img/user3.html]
[ipsusa.net/blog/all-about-ipsusa-the-hub-of-digital-marketing-services/assets/img/user4.html]
[ipsusa.net/indexbaf5.html]
[ipsusa.net/wp-json/wp/v2/posts/5175.json]
[ipsusa.net/blog/customer-support-services-a-way-to-enhance-online-marketing/feed/index.html]
[ipsusa.net/wp-json/oembed/1.0/embed51f0.json]
[ipsusa.net/wp-json/oembed/1.0/embed7e28]
[ipsusa.net/blog/customer-support-services-a-way-to-enhance-online-marketing/index.html]
[ipsusa.net/blog/ips-usa-predicts-the-future-of-social-media-marketing/assets/img/user1.html]
[ipsusa.net/blog/ips-usa-predicts-the-future-of-social-media-marketing/assets/img/blog/blog-img2.html]
[ipsusa.net/blog/ips-usa-predicts-the-future-of-social-media-marketing/assets/img/blog/blog-img3.html]
[ipsusa.net/blog/ips-usa-predicts-the-future-of-social-media-marketing/assets/img/user2.html]
[ipsusa.net/blog/ips-usa-predicts-the-future-of-social-media-marketing/assets/img/user3.html]
[ipsusa.net/blog/ips-usa-predicts-the-future-of-social-media-marketing/assets/img/user4.html]
[ipsusa.net/wp-json/wp/v2/posts/5158.json]
[ipsusa.net/blog/how-to-improve-customer-support-services/feed/index.html]
[ipsusa.net/wp-json/oembed/1.0/embedebd2.json]
[ipsusa.net/wp-json/oembed/1.0/embededfb]
[ipsusa.net/blog/how-to-improve-customer-support-services/index.html]
[ipsusa.net/blog/work-with-the-right-bpo-company-for-your-business/feed/index.html]
[ipsusa.net/wp-json/wp/v2/posts/4993.json]
[ipsusa.net/wp-json/oembed/1.0/embed0094.json]
[ipsusa.net/wp-json/oembed/1.0/embed6922]
[ipsusa.net/blog/work-with-the-right-bpo-company-for-your-business/index.html]
[ipsusa.net/wp-json/wp/v2/posts/4269.json]
[ipsusa.net/blog/work-on-these-three-strategies-to-grow-your-business/feed/index.html]
[ipsusa.net/wp-json/oembed/1.0/embed897e.json]
[ipsusa.net/wp-json/oembed/1.0/embedf78d]
[ipsusa.net/blog/work-on-these-three-strategies-to-grow-your-business/index.html]
[ipsusa.net/wp-json/wp/v2/posts/4244.json]
[ipsusa.net/blog/e-commerce-automation-a-way-to-invest-in-business-growth/feed/index.html]
[ipsusa.net/wp-json/oembed/1.0/embedd6bf.json]
[ipsusa.net/wp-json/oembed/1.0/embed05f3]
[ipsusa.net/blog/e-commerce-automation-a-way-to-invest-in-business-growth/index.html]
[ipsusa.net/wp-json/wp/v2/posts/3878.json]
[ipsusa.net/blog/why-businesses-outsource-it-operations-to-bpo-services/feed/index.html]
[ipsusa.net/wp-json/oembed/1.0/embed77ef.json]
[ipsusa.net/wp-json/oembed/1.0/embed269f]
[ipsusa.net/blog/why-businesses-outsource-it-operations-to-bpo-services/index.html]
[ipsusa.net/wp-json/wp/v2/posts/3872.json]
[ipsusa.net/blog/3-kings-of-bpo-industry-in-the-united-states/feed/index.html]
[ipsusa.net/wp-json/oembed/1.0/embed54c6.json]
[ipsusa.net/wp-json/oembed/1.0/embed866f]
[ipsusa.net/blog/3-kings-of-bpo-industry-in-the-united-states/index.html]
[ipsusa.net/wp-json/wp/v2/posts/3868.json]
[ipsusa.net/blog/the-pros-of-bpo-outweigh-the-cons/feed/index.html]
[ipsusa.net/wp-json/oembed/1.0/embed839f.json]
[ipsusa.net/wp-json/oembed/1.0/embed253d]
[ipsusa.net/blog/the-pros-of-bpo-outweigh-the-cons/index.html]
[ipsusa.net/wp-json/wp/v2/posts/3841.json]
[ipsusa.net/blog/4-trade-secrets-of-top-bpo-service-providers/feed/index.html]
[ipsusa.net/wp-json/oembed/1.0/embed4c24.json]
[ipsusa.net/wp-json/oembed/1.0/embeda7e9]
[ipsusa.net/blog/4-trade-secrets-of-top-bpo-service-providers/index.html]
[ipsusa.net/wp-json/wp/v2/posts/3823.json]
[ipsusa.net/blog/effect-of-bpo-on-domestic-economy-of-the-u-s/feed/index.html]
[ipsusa.net/wp-json/oembed/1.0/embed83fb.json]
[ipsusa.net/wp-json/oembed/1.0/embed5ff5]
[ipsusa.net/blog/effect-of-bpo-on-domestic-economy-of-the-u-s/index.html]
[ipsusa.net/blog/why-is-call-center-outsourcing-best-for-your-business/feed/index.html]
[ipsusa.net/wp-json/wp/v2/posts/5282.json]
[ipsusa.net/wp-json/oembed/1.0/embedddcc.json]
[ipsusa.net/wp-json/oembed/1.0/embed639e]
[ipsusa.net/blog/why-is-call-center-outsourcing-best-for-your-business/index.html]
[ipsusa.net/wp-json/wp/v2/posts/4989.json]
[ipsusa.net/blog/7-qualities-you-really-need-in-a-call-center-agent/feed/index.html]
[ipsusa.net/wp-json/oembed/1.0/embedf0b5.json]
[ipsusa.net/wp-json/oembed/1.0/embed3bb8]
[ipsusa.net/blog/7-qualities-you-really-need-in-a-call-center-agent/index.html]
[ipsusa.net/wp-json/wp/v2/posts/4234.json]
[ipsusa.net/blog/features-to-understand-before-outsourcing-call-center-services/feed/index.html]
[ipsusa.net/wp-json/oembed/1.0/embede742.json]
[ipsusa.net/wp-json/oembed/1.0/embed61c2]
[ipsusa.net/blog/features-to-understand-before-outsourcing-call-center-services/index.html]
[ipsusa.net/wp-json/wp/v2/posts/4203.json]
[ipsusa.net/blog/things-to-check-before-outsourcing-call-center-services/feed/index.html]
[ipsusa.net/wp-json/oembed/1.0/embed5179.json]
[ipsusa.net/wp-json/oembed/1.0/embed9e8f]
[ipsusa.net/blog/things-to-check-before-outsourcing-call-center-services/index.html]
[ipsusa.net/blog/3-steps-to-establish-a-call-center-outsourcing-company/feed/index.html]
[ipsusa.net/wp-json/wp/v2/posts/4183.json]
[ipsusa.net/wp-json/oembed/1.0/embed3f4f.json]
[ipsusa.net/wp-json/oembed/1.0/embed1984]
[ipsusa.net/blog/3-steps-to-establish-a-call-center-outsourcing-company/index.html]
[ipsusa.net/blog/do-what-you-do-best-and-outsource-the-rest/feed/index.html]
[ipsusa.net/wp-json/wp/v2/posts/4077.json]
[ipsusa.net/wp-json/oembed/1.0/embed9a5c.json]
[ipsusa.net/wp-json/oembed/1.0/embed3c0d]
[ipsusa.net/blog/do-what-you-do-best-and-outsource-the-rest/index.html]
[ipsusa.net/wp-json/wp/v2/posts/4058.json]
[ipsusa.net/blog/why-should-your-business-go-for-call-center-outsourcing/feed/index.html]
[ipsusa.net/wp-json/oembed/1.0/embede18a.json]
[ipsusa.net/wp-json/oembed/1.0/embed54c6]
[ipsusa.net/blog/why-should-your-business-go-for-call-center-outsourcing/index.html]
[ipsusa.net/wp-json/wp/v2/posts/4120.json]
[ipsusa.net/blog/emerging-cloud-technologies-how-they-can-revolutionize-the-way-we-work/feed/index.html]
[ipsusa.net/wp-json/oembed/1.0/embed4c0a.json]
[ipsusa.net/wp-json/oembed/1.0/embed49fe]
[ipsusa.net/blog/emerging-cloud-technologies-how-they-can-revolutionize-the-way-we-work/index.html]
[ipsusa.net/wp-json/wp/v2/posts/4193.json]
[ipsusa.net/blog/3-qualities-to-look-for-while-hiring-a-content-marketer/feed/index.html]
[ipsusa.net/wp-json/oembed/1.0/embed6604.json]
[ipsusa.net/wp-json/oembed/1.0/embede07e]
[ipsusa.net/blog/3-qualities-to-look-for-while-hiring-a-content-marketer/index.html]
[ipsusa.net/wp-json/wp/v2/posts/3960.json]
[ipsusa.net/blog/top-3-types-of-content-that-get-the-most-attention/feed/index.html]
[ipsusa.net/wp-json/oembed/1.0/embedab12.json]
[ipsusa.net/wp-json/oembed/1.0/embed130a]
[ipsusa.net/blog/top-3-types-of-content-that-get-the-most-attention/index.html]
[ipsusa.net/wp-json/wp/v2/posts/4099.json]
[ipsusa.net/blog/how-to-manage-your-social-media-amidst-covid-19/feed/index.html]
[ipsusa.net/wp-json/oembed/1.0/embed22fb.json]
[ipsusa.net/wp-json/oembed/1.0/embed9ac6]
[ipsusa.net/blog/how-to-manage-your-social-media-amidst-covid-19/index.html]
[ipsusa.net/wp-json/wp/v2/posts/4089.json]
[ipsusa.net/blog/6-activities-to-help-deal-with-anxiety-while-covid-19-quarantine/feed/index.html]
[ipsusa.net/wp-json/oembed/1.0/embed66a7.json]
[ipsusa.net/wp-json/oembed/1.0/embed3679]
[ipsusa.net/blog/6-activities-to-help-deal-with-anxiety-while-covid-19-quarantine/index.html]
[ipsusa.net/wp-json/wp/v2/posts/4717.json]
[ipsusa.net/blog/things-your-web-design-must-have-to-outshine-the-competition/feed/index.html]
[ipsusa.net/wp-json/oembed/1.0/embedfb24.json]
[ipsusa.net/wp-json/oembed/1.0/embedcd1e]
[ipsusa.net/blog/things-your-web-design-must-have-to-outshine-the-competition/index.html]
[ipsusa.net/wp-json/wp/v2/posts/4689.json]
[ipsusa.net/blog/web-development-services-related-myths-debunked/feed/index.html]
[ipsusa.net/wp-json/oembed/1.0/embed8284.json]
[ipsusa.net/wp-json/oembed/1.0/embed5867]
[ipsusa.net/blog/web-development-services-related-myths-debunked/index.html]
[ipsusa.net/wp-json/wp/v2/posts/4665.json]
[ipsusa.net/blog/6-kpis-to-improve-by-expert-web-development-services/feed/index.html]
[ipsusa.net/wp-json/oembed/1.0/embedf58d.json]
[ipsusa.net/wp-json/oembed/1.0/embed606a]
[ipsusa.net/blog/6-kpis-to-improve-by-expert-web-development-services/index.html]
[ipsusa.net/wp-json/wp/v2/posts/4656.json]
[ipsusa.net/blog/why-do-web-development-services-fail-to-impress-their-clients/feed/index.html]
[ipsusa.net/wp-json/oembed/1.0/embedc07b.json]
[ipsusa.net/wp-json/oembed/1.0/embede763]
[ipsusa.net/blog/why-do-web-development-services-fail-to-impress-their-clients/index.html]
[ipsusa.net/wp-json/wp/v2/posts/4641.json]
[ipsusa.net/blog/trends-in-web-development-services-to-watch-in-2021/feed/index.html]
[ipsusa.net/wp-json/oembed/1.0/embedd445.json]
[ipsusa.net/wp-json/oembed/1.0/embeda586]
[ipsusa.net/blog/trends-in-web-development-services-to-watch-in-2021/index.html]
[ipsusa.net/wp-json/wp/v2/posts/4628.json]
[ipsusa.net/blog/what-is-the-true-cost-of-bad-web-development-services/feed/index.html]
[ipsusa.net/wp-json/oembed/1.0/embede2af.json]
[ipsusa.net/wp-json/oembed/1.0/embed0afd]
[ipsusa.net/blog/what-is-the-true-cost-of-bad-web-development-services/index.html]
[ipsusa.net/wp-json/wp/v2/posts/4611.json]
[ipsusa.net/blog/how-web-development-services-design-e-commerce-websites/feed/index.html]
[ipsusa.net/wp-json/oembed/1.0/embed3681.json]
[ipsusa.net/wp-json/oembed/1.0/embedbede]
[ipsusa.net/blog/how-web-development-services-design-e-commerce-websites/index.html]
[ipsusa.net/wp-json/wp/v2/posts/5293.json]
[ipsusa.net/blog/should-you-outsource-your-digital-marketing-services/feed/index.html]
[ipsusa.net/wp-json/oembed/1.0/embeda575.json]
[ipsusa.net/wp-json/oembed/1.0/embedd033]
[ipsusa.net/blog/should-you-outsource-your-digital-marketing-services/index.html]
[ipsusa.net/wp-json/wp/v2/posts/5288.json]
[ipsusa.net/blog/how-does-youtube-help-with-online-marketing/feed/index.html]
[ipsusa.net/wp-json/oembed/1.0/embedaf0e.json]
[ipsusa.net/wp-json/oembed/1.0/embed8f50]
[ipsusa.net/blog/how-does-youtube-help-with-online-marketing/index.html]
[ipsusa.net/wp-json/wp/v2/posts/5239.json]
[ipsusa.net/blog/elements-of-a-successful-digital-marketing-strategy/feed/index.html]
[ipsusa.net/wp-json/oembed/1.0/embed7ad1.json]
[ipsusa.net/wp-json/oembed/1.0/embed6257]
[ipsusa.net/blog/elements-of-a-successful-digital-marketing-strategy/index.html]
[ipsusa.net/wp-json/wp/v2/posts/4353.json]
[ipsusa.net/blog/10-best-ways-to-increase-your-business-sales-by-using-seo/feed/index.html]
[ipsusa.net/wp-json/oembed/1.0/embed9517.json]
[ipsusa.net/wp-json/oembed/1.0/embedf5a1]
[ipsusa.net/blog/10-best-ways-to-increase-your-business-sales-by-using-seo/index.html]
[ipsusa.net/wp-json/wp/v2/posts/4348.json]
[ipsusa.net/blog/grow-your-business-online-via-these-4-easy-ways/feed/index.html]
[ipsusa.net/wp-json/oembed/1.0/embed162e.json]
[ipsusa.net/wp-json/oembed/1.0/embed6183]
[ipsusa.net/blog/grow-your-business-online-via-these-4-easy-ways/index.html]
[ipsusa.net/wp-json/wp/v2/posts/3811.json]
[ipsusa.net/blog/escalate-business-growth-with-the-following-offshoring-benefits/feed/index.html]
[ipsusa.net/wp-json/oembed/1.0/embedc4f9.json]
[ipsusa.net/wp-json/oembed/1.0/embedc02c]
[ipsusa.net/blog/escalate-business-growth-with-the-following-offshoring-benefits/index.html]
[ipsusa.net/wp-json/wp/v2/posts/4047.json]
[ipsusa.net/blog/3-reasons-why-businesses-must-use-google-adwords/feed/index.html]
[ipsusa.net/wp-json/oembed/1.0/embeddba8.json]
[ipsusa.net/wp-json/oembed/1.0/embed4804]
[ipsusa.net/blog/3-reasons-why-businesses-must-use-google-adwords/index.html]
[ipsusa.net/wp-json/wp/v2/posts/4001.json]
[ipsusa.net/blog/your-business-needs-the-right-seo-ppc-combination/feed/index.html]
[ipsusa.net/wp-json/oembed/1.0/embed2d03.json]
[ipsusa.net/wp-json/oembed/1.0/embed360f]
[ipsusa.net/blog/your-business-needs-the-right-seo-ppc-combination/index.html]
[ipsusa.net/wp-json/wp/v2/posts/4329.json]
[ipsusa.net/blog/why-should-you-outsource-seo-services/feed/index.html]
[ipsusa.net/wp-json/oembed/1.0/embed7b4a.json]
[ipsusa.net/wp-json/oembed/1.0/embed2bba]
[ipsusa.net/blog/why-should-you-outsource-seo-services/index.html]
[ipsusa.net/wp-content/uploads/2020/09/SEO-Services-A-to-Z-of-Copywriting-for-Beginners.jpg]
[ipsusa.net/wp-json/wp/v2/posts/4277.json]
[ipsusa.net/blog/seo-services-a-to-z-of-copy-writing-for-beginners/feed/index.html]
[ipsusa.net/wp-json/oembed/1.0/embed7d97.json]
[ipsusa.net/wp-json/oembed/1.0/embedccfa]
[ipsusa.net/blog/seo-services-a-to-z-of-copy-writing-for-beginners/index.html]
[ipsusa.net/wp-content/uploads/2020/01/Why-Is-It-A-Good-Idea-to-Outsource-SEO-Services-in-America.jpg]
[ipsusa.net/wp-json/wp/v2/posts/3990.json]
[ipsusa.net/blog/why-is-it-a-good-idea-to-outsource-seo-services-in-america/feed/index.html]
[ipsusa.net/wp-json/oembed/1.0/embed8741.json]
[ipsusa.net/wp-json/oembed/1.0/embedd48d]
[ipsusa.net/blog/why-is-it-a-good-idea-to-outsource-seo-services-in-america/index.html]
[ipsusa.net/wp-json/wp/v2/posts/3920.json]
[ipsusa.net/blog/6-seo-tactics-to-boost-wordpress-websites/feed/index.html]
[ipsusa.net/wp-json/oembed/1.0/embede300.json]
[ipsusa.net/wp-json/oembed/1.0/embed98e3]
[ipsusa.net/blog/6-seo-tactics-to-boost-wordpress-websites/index.html]
[ipsusa.net/wp-json/wp/v2/posts/3837.json]
[ipsusa.net/blog/the-3-little-secrets-of-seo-friendly-content/feed/index.html]
[ipsusa.net/wp-json/oembed/1.0/embed492b.json]
[ipsusa.net/wp-json/oembed/1.0/embedf153]
[ipsusa.net/blog/the-3-little-secrets-of-seo-friendly-content/index.html]
[ipsusa.net/wp-json/wp/v2/posts/3725.json]
[ipsusa.net/blog/top-3-seo-plugins-for-optimization-of-a-website-on-wordpress/feed/index.html]
[ipsusa.net/wp-json/oembed/1.0/embed0113.json]
[ipsusa.net/wp-json/oembed/1.0/embed1566]
[ipsusa.net/blog/top-3-seo-plugins-for-optimization-of-a-website-on-wordpress/index.html]
[ipsusa.net/wp-json/wp/v2/posts/3710.json]
[ipsusa.net/blog/top-five-off-site-seo-tactics-to-rule-on-serp-in-2021/feed/index.html]
[ipsusa.net/wp-json/oembed/1.0/embed0286.json]
[ipsusa.net/wp-json/oembed/1.0/embed506f]
[ipsusa.net/blog/top-five-off-site-seo-tactics-to-rule-on-serp-in-2021/index.html]
[ipsusa.net/wp-json/wp/v2/posts/3674.json]
[ipsusa.net/blog/seo-strategies-that-can-work-wonders-for-small-budgets/feed/index.html]
[ipsusa.net/wp-json/oembed/1.0/embed600d.json]
[ipsusa.net/wp-json/oembed/1.0/embedafa9]
[ipsusa.net/blog/seo-strategies-that-can-work-wonders-for-small-budgets/index.html]
[ipsusa.net/wp-json/wp/v2/posts/3975.json]
[ipsusa.net/blog/3-dos-donts-of-social-media-marketing/feed/index.html]
[ipsusa.net/wp-json/oembed/1.0/embed516b.json]
[ipsusa.net/wp-json/oembed/1.0/embedb171]
[ipsusa.net/blog/3-dos-donts-of-social-media-marketing/index.html]
[ipsusa.net/blog/top-3-web-development-services-trends-for-2021-beyond/feed/index.html]
[ipsusa.net/wp-json/wp/v2/posts/4592.json]
[ipsusa.net/wp-json/oembed/1.0/embed1248.json]
[ipsusa.net/wp-json/oembed/1.0/embedfc2a]
[ipsusa.net/blog/top-3-web-development-services-trends-for-2021-beyond/index.html]
[ipsusa.net/wp-json/wp/v2/posts/4556.json]
[ipsusa.net/blog/5-tips-for-business-growth-via-web-development-services/feed/index.html]
[ipsusa.net/wp-json/oembed/1.0/embed0027.json]
[ipsusa.net/wp-json/oembed/1.0/embed339a]
[ipsusa.net/blog/5-tips-for-business-growth-via-web-development-services/index.html]
[ipsusa.net/index20ef.html]
[ipsusa.net/wp-content/uploads/2019/02/How-BPO-Services-help-You-Build-the-Perfect-Business-1.jpg]
[ipsusa.net/blog/how-bpo-services-help-you-build-the-perfect-business/feed/index.html]
[ipsusa.net/wp-json/wp/v2/posts/3788.json]
[ipsusa.net/wp-json/oembed/1.0/embed1aa2.json]
[ipsusa.net/wp-json/oembed/1.0/embed7644]
[ipsusa.net/blog/how-bpo-services-help-you-build-the-perfect-business/index.html]
[ipsusa.net/blog/is-outsourcing-the-best-option-for-small-businesses/assets/img/user1.html]
[ipsusa.net/blog/is-outsourcing-the-best-option-for-small-businesses/assets/img/blog/blog-img2.html]
[ipsusa.net/blog/is-outsourcing-the-best-option-for-small-businesses/assets/img/blog/blog-img3.html]
[ipsusa.net/blog/is-outsourcing-the-best-option-for-small-businesses/assets/img/user2.html]
[ipsusa.net/blog/is-outsourcing-the-best-option-for-small-businesses/assets/img/user3.html]
[ipsusa.net/blog/is-outsourcing-the-best-option-for-small-businesses/assets/img/user4.html]
[ipsusa.net/blog/How-to-Perform-a-Proper-Website-Security-Audit/chrome-extension_/ddafdejlekcmnafgnbllcfkebabhabcl/html/tpc-2.html]
[ipsusa.net/blog/How-to-Perform-a-Proper-Website-Security-Audit/chrome-extension_/ddafdejlekcmnafgnbllcfkebabhabcl/images/zshare-2.html]
[ipsusa.net/blog/How-to-Perform-a-Proper-Website-Security-Audit/assets/img/user1-2.html]
[ipsusa.net/blog/How-to-Perform-a-Proper-Website-Security-Audit/assets/img/blog/blog-img2-2.html]
[ipsusa.net/blog/How-to-Perform-a-Proper-Website-Security-Audit/assets/img/blog/blog-img3-2.html]
[ipsusa.net/blog/How-to-Perform-a-Proper-Website-Security-Audit/assets/img/user2-2.html]
[ipsusa.net/blog/How-to-Perform-a-Proper-Website-Security-Audit/assets/img/user3-2.html]
[ipsusa.net/blog/How-to-Perform-a-Proper-Website-Security-Audit/assets/img/user4-2.html]
[ipsusa.net/index2ebf.html]
[ipsusa.net/blog/5-skills-that-experts-say-you-should-learn-in-2020/assets/img/user1.html]
[ipsusa.net/blog/5-skills-that-experts-say-you-should-learn-in-2020/assets/img/blog/blog-img2.html]
[ipsusa.net/blog/5-skills-that-experts-say-you-should-learn-in-2020/assets/img/blog/blog-img3.html]
[ipsusa.net/blog/5-skills-that-experts-say-you-should-learn-in-2020/assets/img/user2.html]
[ipsusa.net/blog/5-skills-that-experts-say-you-should-learn-in-2020/assets/img/user3.html]
[ipsusa.net/blog/5-skills-that-experts-say-you-should-learn-in-2020/assets/img/user4.html]
[ipsusa.net/blog/Mobile-App-Development-Trends-You-Should-Focus-On-[2022]/chrome-extension_/ddafdejlekcmnafgnbllcfkebabhabcl/html/tpc.html]
[ipsusa.net/blog/Mobile-App-Development-Trends-You-Should-Focus-On-[2022]/chrome-extension_/ddafdejlekcmnafgnbllcfkebabhabcl/images/zshare.html]
[ipsusa.net/blog/Mobile-App-Development-Trends-You-Should-Focus-On-[2022]/chrome-extension_/lopnbnfpjmgpbppclhclehhgafnifija/aiscripts/t.html]
[ipsusa.net/blog/Mobile-App-Development-Trends-You-Should-Focus-On-[2022]/chrome-extension_/lopnbnfpjmgpbppclhclehhgafnifija/aiscripts/script-main.html]
[ipsusa.net/blog/Mobile-App-Development-Trends-You-Should-Focus-On-[2022]/assets/img/user1.html]
[ipsusa.net/blog/Mobile-App-Development-Trends-You-Should-Focus-On-[2022]/assets/img/blog/blog-img2.html]
[ipsusa.net/blog/Mobile-App-Development-Trends-You-Should-Focus-On-[2022]/assets/img/blog/blog-img3.html]
[ipsusa.net/blog/Mobile-App-Development-Trends-You-Should-Focus-On-[2022]/assets/img/user2.html]
[ipsusa.net/blog/Mobile-App-Development-Trends-You-Should-Focus-On-[2022]/assets/img/user3.html]
[ipsusa.net/blog/Mobile-App-Development-Trends-You-Should-Focus-On-[2022]/assets/img/user4.html]
[ipsusa.net/index8995.html]
[ipsusa.net/blog/customer-support-services-a-way-to-enhance-online-marketing/assets/img/user1.html]
[ipsusa.net/blog/customer-support-services-a-way-to-enhance-online-marketing/assets/img/blog/blog-img2.html]
[ipsusa.net/blog/customer-support-services-a-way-to-enhance-online-marketing/assets/img/blog/blog-img3.html]
[ipsusa.net/blog/customer-support-services-a-way-to-enhance-online-marketing/assets/img/user2.html]
[ipsusa.net/blog/customer-support-services-a-way-to-enhance-online-marketing/assets/img/user3.html]
[ipsusa.net/blog/customer-support-services-a-way-to-enhance-online-marketing/assets/img/user4.html]
[ipsusa.net/index5991.html]
[ipsusa.net/blog/4-tips-to-amplify-digital-marketing-via-customer-services/index.html]
[ipsusa.net/blog/how-to-improve-customer-support-services/assets/img/user1.html]
[ipsusa.net/blog/how-to-improve-customer-support-services/assets/img/blog/blog-img2.html]
[ipsusa.net/blog/how-to-improve-customer-support-services/assets/img/blog/blog-img3.html]
[ipsusa.net/blog/how-to-improve-customer-support-services/assets/img/user2.html]
[ipsusa.net/blog/how-to-improve-customer-support-services/assets/img/user3.html]
[ipsusa.net/blog/how-to-improve-customer-support-services/assets/img/user4.html]
[ipsusa.net/indexec04.html]
[ipsusa.net/blog/work-with-the-right-bpo-company-for-your-business/assets/img/user1.html]
[ipsusa.net/blog/work-with-the-right-bpo-company-for-your-business/assets/img/blog/blog-img2.html]
[ipsusa.net/blog/work-with-the-right-bpo-company-for-your-business/assets/img/blog/blog-img3.html]
[ipsusa.net/blog/work-with-the-right-bpo-company-for-your-business/assets/img/user2.html]
[ipsusa.net/blog/work-with-the-right-bpo-company-for-your-business/assets/img/user3.html]
[ipsusa.net/blog/work-with-the-right-bpo-company-for-your-business/assets/img/user4.html]
[ipsusa.net/indexa022.html]
[ipsusa.net/features-to-understand-before-outsourcing-call-center-services/index.html]
[ipsusa.net/blog/work-on-these-three-strategies-to-grow-your-business/assets/img/user1.html]
[ipsusa.net/blog/work-on-these-three-strategies-to-grow-your-business/assets/img/blog/blog-img2.html]
[ipsusa.net/blog/work-on-these-three-strategies-to-grow-your-business/assets/img/blog/blog-img3.html]
[ipsusa.net/blog/work-on-these-three-strategies-to-grow-your-business/assets/img/user2.html]
[ipsusa.net/blog/work-on-these-three-strategies-to-grow-your-business/assets/img/user3.html]
[ipsusa.net/blog/work-on-these-three-strategies-to-grow-your-business/assets/img/user4.html]
[ipsusa.net/indexe3b0.html]
[ipsusa.net/wp-content/uploads/2019/01/Robotic-Process-Automation-RPA-A-Threat-or-a-Blessing-for-BPO-Services.jpg]
[ipsusa.net/wp-json/wp/v2/posts/3748.json]
[ipsusa.net/blog/robotic-process-automation-rpa-a-threat-or-a-blessing-for-bpo-services/feed/index.html]
[ipsusa.net/wp-json/oembed/1.0/embed198d.json]
[ipsusa.net/wp-json/oembed/1.0/embedd9ea]
[ipsusa.net/blog/robotic-process-automation-rpa-a-threat-or-a-blessing-for-bpo-services/index.html]
[ipsusa.net/blog/e-commerce-automation-a-way-to-invest-in-business-growth/assets/img/user1.html]
[ipsusa.net/blog/e-commerce-automation-a-way-to-invest-in-business-growth/assets/img/blog/blog-img2.html]
[ipsusa.net/blog/e-commerce-automation-a-way-to-invest-in-business-growth/assets/img/blog/blog-img3.html]
[ipsusa.net/blog/e-commerce-automation-a-way-to-invest-in-business-growth/assets/img/user2.html]
[ipsusa.net/blog/e-commerce-automation-a-way-to-invest-in-business-growth/assets/img/user3.html]
[ipsusa.net/blog/e-commerce-automation-a-way-to-invest-in-business-growth/assets/img/user4.html]
[ipsusa.net/index5bb7.html]
[ipsusa.net/blog/why-businesses-outsource-it-operations-to-bpo-services/assets/img/user1.html]
[ipsusa.net/blog/why-businesses-outsource-it-operations-to-bpo-services/assets/img/blog/blog-img2.html]
[ipsusa.net/blog/why-businesses-outsource-it-operations-to-bpo-services/assets/img/blog/blog-img3.html]
[ipsusa.net/blog/why-businesses-outsource-it-operations-to-bpo-services/assets/img/user2.html]
[ipsusa.net/blog/why-businesses-outsource-it-operations-to-bpo-services/assets/img/user3.html]
[ipsusa.net/blog/why-businesses-outsource-it-operations-to-bpo-services/assets/img/user4.html]
[ipsusa.net/index8608.html]
[ipsusa.net/blog/3-kings-of-bpo-industry-in-the-united-states/assets/img/user1.html]
[ipsusa.net/blog/3-kings-of-bpo-industry-in-the-united-states/assets/img/blog/blog-img2.html]
[ipsusa.net/blog/3-kings-of-bpo-industry-in-the-united-states/assets/img/blog/blog-img3.html]
[ipsusa.net/blog/3-kings-of-bpo-industry-in-the-united-states/assets/img/user2.html]
[ipsusa.net/blog/3-kings-of-bpo-industry-in-the-united-states/assets/img/user3.html]
[ipsusa.net/blog/3-kings-of-bpo-industry-in-the-united-states/assets/img/user4.html]
[ipsusa.net/indexd22b.html]
[ipsusa.net/business-process-outsourcing-company/index.html]
[ipsusa.net/blog/the-pros-of-bpo-outweigh-the-cons/assets/img/user1.html]
[ipsusa.net/blog/the-pros-of-bpo-outweigh-the-cons/assets/img/blog/blog-img2.html]
[ipsusa.net/blog/the-pros-of-bpo-outweigh-the-cons/assets/img/blog/blog-img3.html]
[ipsusa.net/blog/the-pros-of-bpo-outweigh-the-cons/assets/img/user2.html]
[ipsusa.net/blog/the-pros-of-bpo-outweigh-the-cons/assets/img/user3.html]
[ipsusa.net/blog/the-pros-of-bpo-outweigh-the-cons/assets/img/user4.html]
[ipsusa.net/index1f1e.html]
[ipsusa.net/blog/4-trade-secrets-of-top-bpo-service-providers/assets/img/user1.html]
[ipsusa.net/blog/4-trade-secrets-of-top-bpo-service-providers/assets/img/blog/blog-img2.html]
[ipsusa.net/blog/4-trade-secrets-of-top-bpo-service-providers/assets/img/blog/blog-img3.html]
[ipsusa.net/blog/4-trade-secrets-of-top-bpo-service-providers/assets/img/user2.html]
[ipsusa.net/blog/4-trade-secrets-of-top-bpo-service-providers/assets/img/user3.html]
[ipsusa.net/blog/4-trade-secrets-of-top-bpo-service-providers/assets/img/user4.html]
[ipsusa.net/indexd745.html]
[ipsusa.net/blog/effect-of-bpo-on-domestic-economy-of-the-u-s/assets/img/user1.html]
[ipsusa.net/blog/effect-of-bpo-on-domestic-economy-of-the-u-s/assets/img/blog/blog-img2.html]
[ipsusa.net/blog/effect-of-bpo-on-domestic-economy-of-the-u-s/assets/img/blog/blog-img3.html]
[ipsusa.net/blog/effect-of-bpo-on-domestic-economy-of-the-u-s/assets/img/user2.html]
[ipsusa.net/blog/effect-of-bpo-on-domestic-economy-of-the-u-s/assets/img/user3.html]
[ipsusa.net/blog/effect-of-bpo-on-domestic-economy-of-the-u-s/assets/img/user4.html]
[ipsusa.net/blog/why-is-call-cent…or-your-business/index.html]
[ipsusa.net/indexaf26.html]
[ipsusa.net/blog/why-is-call-center-outsourcing-best-for-your-business/assets/img/user1.html]
[ipsusa.net/blog/why-is-call-center-outsourcing-best-for-your-business/assets/img/blog/blog-img2.html]
[ipsusa.net/blog/why-is-call-center-outsourcing-best-for-your-business/assets/img/blog/blog-img3.html]
[ipsusa.net/blog/why-is-call-center-outsourcing-best-for-your-business/assets/img/user2.html]
[ipsusa.net/blog/why-is-call-center-outsourcing-best-for-your-business/assets/img/user3.html]
[ipsusa.net/blog/why-is-call-center-outsourcing-best-for-your-business/assets/img/user4.html]
[ipsusa.net/index94cf.html]
[ipsusa.net/blog/7-qualities-you-really-need-in-a-call-center-agent/assets/img/user1.html]
[ipsusa.net/blog/7-qualities-you-really-need-in-a-call-center-agent/assets/img/blog/blog-img2.html]
[ipsusa.net/blog/7-qualities-you-really-need-in-a-call-center-agent/assets/img/blog/blog-img3.html]
[ipsusa.net/blog/7-qualities-you-really-need-in-a-call-center-agent/assets/img/user2.html]
[ipsusa.net/blog/7-qualities-you-really-need-in-a-call-center-agent/assets/img/user3.html]
[ipsusa.net/blog/7-qualities-you-really-need-in-a-call-center-agent/assets/img/user4.html]
[ipsusa.net/indexc9cc.html]
[ipsusa.net/blog/features-to-understand-before-outsourcing-call-center-services/assets/img/user1.html]
[ipsusa.net/blog/features-to-understand-before-outsourcing-call-center-services/assets/img/blog/blog-img2.html]
[ipsusa.net/blog/features-to-understand-before-outsourcing-call-center-services/assets/img/blog/blog-img3.html]
[ipsusa.net/blog/features-to-understand-before-outsourcing-call-center-services/assets/img/user2.html]
[ipsusa.net/blog/features-to-understand-before-outsourcing-call-center-services/assets/img/user3.html]
[ipsusa.net/blog/features-to-understand-before-outsourcing-call-center-services/assets/img/user4.html]
[ipsusa.net/indexad57.html]
[ipsusa.net/blog/things-to-check-before-outsourcing-call-center-services/assets/img/user1.html]
[ipsusa.net/blog/things-to-check-before-outsourcing-call-center-services/assets/img/blog/blog-img2.html]
[ipsusa.net/blog/things-to-check-before-outsourcing-call-center-services/assets/img/blog/blog-img3.html]
[ipsusa.net/blog/things-to-check-before-outsourcing-call-center-services/assets/img/user2.html]
[ipsusa.net/blog/things-to-check-before-outsourcing-call-center-services/assets/img/user3.html]
[ipsusa.net/blog/things-to-check-before-outsourcing-call-center-services/assets/img/user4.html]
[ipsusa.net/index7603.html]
[ipsusa.net/blog/3-steps-to-establish-a-call-center-outsourcing-company/assets/img/user1.html]
[ipsusa.net/blog/3-steps-to-establish-a-call-center-outsourcing-company/assets/img/blog/blog-img2.html]
[ipsusa.net/blog/3-steps-to-establish-a-call-center-outsourcing-company/assets/img/blog/blog-img3.html]
[ipsusa.net/blog/3-steps-to-establish-a-call-center-outsourcing-company/assets/img/user2.html]
[ipsusa.net/blog/3-steps-to-establish-a-call-center-outsourcing-company/assets/img/user3.html]
[ipsusa.net/blog/3-steps-to-establish-a-call-center-outsourcing-company/assets/img/user4.html]
[ipsusa.net/index15df.html]
[ipsusa.net/wp-content/uploads/2018/12/Leveraging-Digital-Marketing-Services-is-an-Elixir-for-Brands-1.jpg]
[ipsusa.net/blog/leveraging-digital-marketing-services-is-an-elixir-for-brands/feed/index.html]
[ipsusa.net/wp-json/wp/v2/posts/3686.json]
[ipsusa.net/wp-json/oembed/1.0/embeda6de.json]
[ipsusa.net/wp-json/oembed/1.0/embedec4d]
[ipsusa.net/blog/leveraging-digital-marketing-services-is-an-elixir-for-brands/index.html]
[ipsusa.net/blog/do-what-you-do-best-and-outsource-the-rest/assets/img/user1.html]
[ipsusa.net/blog/do-what-you-do-best-and-outsource-the-rest/assets/img/blog/blog-img2.html]
[ipsusa.net/blog/do-what-you-do-best-and-outsource-the-rest/assets/img/blog/blog-img3.html]
[ipsusa.net/blog/do-what-you-do-best-and-outsource-the-rest/assets/img/user2.html]
[ipsusa.net/blog/do-what-you-do-best-and-outsource-the-rest/assets/img/user3.html]
[ipsusa.net/blog/do-what-you-do-best-and-outsource-the-rest/assets/img/user4.html]
[ipsusa.net/index0f22.html]
[ipsusa.net/blog/why-should-your-business-go-for-call-center-outsourcing/assets/img/user1.html]
[ipsusa.net/blog/why-should-your-business-go-for-call-center-outsourcing/assets/img/blog/blog-img2.html]
[ipsusa.net/blog/why-should-your-business-go-for-call-center-outsourcing/assets/img/blog/blog-img3.html]
[ipsusa.net/blog/why-should-your-business-go-for-call-center-outsourcing/assets/img/user2.html]
[ipsusa.net/blog/why-should-your-business-go-for-call-center-outsourcing/assets/img/user3.html]
[ipsusa.net/blog/why-should-your-business-go-for-call-center-outsourcing/assets/img/user4.html]
[ipsusa.net/index7dfd.html]
[ipsusa.net/blog/emerging-cloud-technologies-how-they-can-revolutionize-the-way-we-work/assets/img/user1.html]
[ipsusa.net/blog/emerging-cloud-technologies-how-they-can-revolutionize-the-way-we-work/assets/img/blog/blog-img2.html]
[ipsusa.net/blog/emerging-cloud-technologies-how-they-can-revolutionize-the-way-we-work/assets/img/blog/blog-img3.html]
[ipsusa.net/blog/emerging-cloud-technologies-how-they-can-revolutionize-the-way-we-work/assets/img/user2.html]
[ipsusa.net/blog/emerging-cloud-technologies-how-they-can-revolutionize-the-way-we-work/assets/img/user3.html]
[ipsusa.net/blog/emerging-cloud-technologies-how-they-can-revolutionize-the-way-we-work/assets/img/user4.html]
[ipsusa.net/indexcc03.html]
[ipsusa.net/wp-content/uploads/2020/10/How-to-Choose-Trustworthy-Digital-Marketing-Services-in-USA.jpg]
[ipsusa.net/blog/how-to-choose-trustworthy-digital-marketing-services-in-usa/feed/index.html]
[ipsusa.net/wp-json/wp/v2/posts/4320.json]
[ipsusa.net/wp-json/oembed/1.0/embed605d.json]
[ipsusa.net/wp-json/oembed/1.0/embede050]
[ipsusa.net/blog/how-to-choose-trustworthy-digital-marketing-services-in-usa/index.html]
[ipsusa.net/blog/3-qualities-to-look-for-while-hiring-a-content-marketer/assets/img/user1.html]
[ipsusa.net/blog/3-qualities-to-look-for-while-hiring-a-content-marketer/assets/img/blog/blog-img2.html]
[ipsusa.net/blog/3-qualities-to-look-for-while-hiring-a-content-marketer/assets/img/blog/blog-img3.html]
[ipsusa.net/blog/3-qualities-to-look-for-while-hiring-a-content-marketer/assets/img/user2.html]
[ipsusa.net/blog/3-qualities-to-look-for-while-hiring-a-content-marketer/assets/img/user3.html]
[ipsusa.net/blog/3-qualities-to-look-for-while-hiring-a-content-marketer/assets/img/user4.html]
[ipsusa.net/index53fc.html]
[ipsusa.net/blog/top-3-types-of-content-that-get-the-most-attention/assets/img/user1.html]
[ipsusa.net/blog/top-3-types-of-content-that-get-the-most-attention/assets/img/blog/blog-img2.html]
[ipsusa.net/blog/top-3-types-of-content-that-get-the-most-attention/assets/img/blog/blog-img3.html]
[ipsusa.net/blog/top-3-types-of-content-that-get-the-most-attention/assets/img/user2.html]
[ipsusa.net/blog/top-3-types-of-content-that-get-the-most-attention/assets/img/user3.html]
[ipsusa.net/blog/top-3-types-of-content-that-get-the-most-attention/assets/img/user4.html]
[ipsusa.net/index8394.html]
[ipsusa.net/blog/how-to-manage-your-social-media-amidst-covid-19/assets/img/user1.html]
[ipsusa.net/blog/how-to-manage-your-social-media-amidst-covid-19/assets/img/blog/blog-img2.html]
[ipsusa.net/blog/how-to-manage-your-social-media-amidst-covid-19/assets/img/blog/blog-img3.html]
[ipsusa.net/blog/how-to-manage-your-social-media-amidst-covid-19/assets/img/user2.html]
[ipsusa.net/blog/how-to-manage-your-social-media-amidst-covid-19/assets/img/user3.html]
[ipsusa.net/blog/how-to-manage-your-social-media-amidst-covid-19/assets/img/user4.html]
[ipsusa.net/index206c.html]
[ipsusa.net/blog/6-activities-to-help-deal-with-anxiety-while-covid-19-quarantine/assets/img/user1.html]
[ipsusa.net/blog/6-activities-to-help-deal-with-anxiety-while-covid-19-quarantine/assets/img/blog/blog-img2.html]
[ipsusa.net/blog/6-activities-to-help-deal-with-anxiety-while-covid-19-quarantine/assets/img/blog/blog-img3.html]
[ipsusa.net/blog/6-activities-to-help-deal-with-anxiety-while-covid-19-quarantine/assets/img/user2.html]
[ipsusa.net/blog/6-activities-to-help-deal-with-anxiety-while-covid-19-quarantine/assets/img/user3.html]
[ipsusa.net/blog/6-activities-to-help-deal-with-anxiety-while-covid-19-quarantine/assets/img/user4.html]
[ipsusa.net/indexc848.html]
[ipsusa.net/wp-content/uploads/2019/03/The-6-Benefits-of-Virtual-Assistants-in-2021-1.jpg]
[ipsusa.net/blog/the-6-benefits-of-virtual-assistants-in-2021/feed/index.html]
[ipsusa.net/wp-json/wp/v2/posts/3793.json]
[ipsusa.net/wp-json/oembed/1.0/embedc212.json]
[ipsusa.net/wp-json/oembed/1.0/embed50e7]
[ipsusa.net/blog/the-6-benefits-of-virtual-assistants-in-2021/index.html]
[ipsusa.net/blog/things-your-web-design-must-have-to-outshine-the-competition/assets/img/user1.html]
[ipsusa.net/blog/things-your-web-design-must-have-to-outshine-the-competition/assets/img/blog/blog-img2.html]
[ipsusa.net/blog/things-your-web-design-must-have-to-outshine-the-competition/assets/img/blog/blog-img3.html]
[ipsusa.net/blog/things-your-web-design-must-have-to-outshine-the-competition/assets/img/user2.html]
[ipsusa.net/blog/things-your-web-design-must-have-to-outshine-the-competition/assets/img/user3.html]
[ipsusa.net/blog/things-your-web-design-must-have-to-outshine-the-competition/assets/img/user4.html]
[ipsusa.net/index49ba.html]
[ipsusa.net/blog/web-development-services-related-myths-debunked/assets/img/user1.html]
[ipsusa.net/blog/web-development-services-related-myths-debunked/assets/img/blog/blog-img2.html]
[ipsusa.net/blog/web-development-services-related-myths-debunked/assets/img/blog/blog-img3.html]
[ipsusa.net/blog/web-development-services-related-myths-debunked/assets/img/user2.html]
[ipsusa.net/blog/web-development-services-related-myths-debunked/assets/img/user3.html]
[ipsusa.net/blog/web-development-services-related-myths-debunked/assets/img/user4.html]
[ipsusa.net/index75cb.html]
[ipsusa.net/blog/6-kpis-to-improve-by-expert-web-development-services/assets/img/user1.html]
[ipsusa.net/blog/6-kpis-to-improve-by-expert-web-development-services/assets/img/blog/blog-img2.html]
[ipsusa.net/blog/6-kpis-to-improve-by-expert-web-development-services/assets/img/blog/blog-img3.html]
[ipsusa.net/blog/6-kpis-to-improve-by-expert-web-development-services/assets/img/user2.html]
[ipsusa.net/blog/6-kpis-to-improve-by-expert-web-development-services/assets/img/user3.html]
[ipsusa.net/blog/6-kpis-to-improve-by-expert-web-development-services/assets/img/user4.html]
[ipsusa.net/index8991.html]
[ipsusa.net/blog/why-do-web-development-services-fail-to-impress-their-clients/assets/img/user1.html]
[ipsusa.net/blog/why-do-web-development-services-fail-to-impress-their-clients/assets/img/blog/blog-img2.html]
[ipsusa.net/blog/why-do-web-development-services-fail-to-impress-their-clients/assets/img/blog/blog-img3.html]
[ipsusa.net/blog/why-do-web-development-services-fail-to-impress-their-clients/assets/img/user2.html]
[ipsusa.net/blog/why-do-web-development-services-fail-to-impress-their-clients/assets/img/user3.html]
[ipsusa.net/blog/why-do-web-development-services-fail-to-impress-their-clients/assets/img/user4.html]
[ipsusa.net/index15f9.html]
[ipsusa.net/blog/trends-in-web-development-services-to-watch-in-2021/assets/img/user1.html]
[ipsusa.net/blog/trends-in-web-development-services-to-watch-in-2021/assets/img/blog/blog-img2.html]
[ipsusa.net/blog/trends-in-web-development-services-to-watch-in-2021/assets/img/blog/blog-img3.html]
[ipsusa.net/blog/trends-in-web-development-services-to-watch-in-2021/assets/img/user2.html]
[ipsusa.net/blog/trends-in-web-development-services-to-watch-in-2021/assets/img/user3.html]
[ipsusa.net/blog/trends-in-web-development-services-to-watch-in-2021/assets/img/user4.html]
[ipsusa.net/index4e4f.html]
[ipsusa.net/blog/what-is-the-true-cost-of-bad-web-development-services/assets/img/user1.html]
[ipsusa.net/blog/what-is-the-true-cost-of-bad-web-development-services/assets/img/blog/blog-img2.html]
[ipsusa.net/blog/what-is-the-true-cost-of-bad-web-development-services/assets/img/blog/blog-img3.html]
[ipsusa.net/blog/what-is-the-true-cost-of-bad-web-development-services/assets/img/user2.html]
[ipsusa.net/blog/what-is-the-true-cost-of-bad-web-development-services/assets/img/user3.html]
[ipsusa.net/blog/what-is-the-true-cost-of-bad-web-development-services/assets/img/user4.html]
[ipsusa.net/indexff98.html]
[ipsusa.net/blog/how-web-development-services-design-e-commerce-websites/assets/img/user1.html]
[ipsusa.net/blog/how-web-development-services-design-e-commerce-websites/assets/img/blog/blog-img2.html]
[ipsusa.net/blog/how-web-development-services-design-e-commerce-websites/assets/img/blog/blog-img3.html]
[ipsusa.net/blog/how-web-development-services-design-e-commerce-websites/assets/img/user2.html]
[ipsusa.net/blog/how-web-development-services-design-e-commerce-websites/assets/img/user3.html]
[ipsusa.net/blog/how-web-development-services-design-e-commerce-websites/assets/img/user4.html]
[ipsusa.net/index3bbf.html]
[ipsusa.net/wp-content/uploads/2019/01/How-does-Digital-Marketing-Agency-add-Value-to-CMOs-Work.jpg]
[ipsusa.net/wp-json/wp/v2/posts/3721.json]
[ipsusa.net/blog/how-does-digital-marketing-agency-add-value-to-cmos-work/feed/index.html]
[ipsusa.net/wp-json/oembed/1.0/embedaead.json]
[ipsusa.net/wp-json/oembed/1.0/embed8043]
[ipsusa.net/blog/how-does-digital-marketing-agency-add-value-to-cmos-work/index.html]
[ipsusa.net/blog/should-you-outsource-your-digital-marketing-services/assets/img/user1.html]
[ipsusa.net/blog/should-you-outsource-your-digital-marketing-services/assets/img/blog/blog-img2.html]
[ipsusa.net/blog/should-you-outsource-your-digital-marketing-services/assets/img/blog/blog-img3.html]
[ipsusa.net/blog/should-you-outsource-your-digital-marketing-services/assets/img/user2.html]
[ipsusa.net/blog/should-you-outsource-your-digital-marketing-services/assets/img/user3.html]
[ipsusa.net/blog/should-you-outsource-your-digital-marketing-services/assets/img/user4.html]
[ipsusa.net/index8ee0.html]
[ipsusa.net/blog/how-does-youtube-help-with-online-marketing/assets/img/user1.html]
[ipsusa.net/blog/how-does-youtube-help-with-online-marketing/assets/img/blog/blog-img2.html]
[ipsusa.net/blog/how-does-youtube-help-with-online-marketing/assets/img/blog/blog-img3.html]
[ipsusa.net/blog/how-does-youtube-help-with-online-marketing/assets/img/user2.html]
[ipsusa.net/blog/how-does-youtube-help-with-online-marketing/assets/img/user3.html]
[ipsusa.net/blog/how-does-youtube-help-with-online-marketing/assets/img/user4.html]
[ipsusa.net/index414e.html]
[ipsusa.net/blog/elements-of-a-successful-digital-marketing-strategy/assets/img/user1.html]
[ipsusa.net/blog/elements-of-a-successful-digital-marketing-strategy/assets/img/blog/blog-img2.html]
[ipsusa.net/blog/elements-of-a-successful-digital-marketing-strategy/assets/img/blog/blog-img3.html]
[ipsusa.net/blog/elements-of-a-successful-digital-marketing-strategy/assets/img/user2.html]
[ipsusa.net/blog/elements-of-a-successful-digital-marketing-strategy/assets/img/user3.html]
[ipsusa.net/blog/elements-of-a-successful-digital-marketing-strategy/assets/img/user4.html]
[ipsusa.net/indexb349.html]
[ipsusa.net/blog/10-best-ways-to-increase-your-business-sales-by-using-seo/assets/img/user1.html]
[ipsusa.net/blog/10-best-ways-to-increase-your-business-sales-by-using-seo/assets/img/blog/blog-img2.html]
[ipsusa.net/blog/10-best-ways-to-increase-your-business-sales-by-using-seo/assets/img/blog/blog-img3.html]
[ipsusa.net/blog/10-best-ways-to-increase-your-business-sales-by-using-seo/assets/img/user2.html]
[ipsusa.net/blog/10-best-ways-to-increase-your-business-sales-by-using-seo/assets/img/user3.html]
[ipsusa.net/blog/10-best-ways-to-increase-your-business-sales-by-using-seo/assets/img/user4.html]
[ipsusa.net/index1fe5.html]
[ipsusa.net/blog/grow-your-business-online-via-these-4-easy-ways/assets/img/user1.html]
[ipsusa.net/blog/grow-your-business-online-via-these-4-easy-ways/assets/img/blog/blog-img2.html]
[ipsusa.net/blog/grow-your-business-online-via-these-4-easy-ways/assets/img/blog/blog-img3.html]
[ipsusa.net/blog/grow-your-business-online-via-these-4-easy-ways/assets/img/user2.html]
[ipsusa.net/blog/grow-your-business-online-via-these-4-easy-ways/assets/img/user3.html]
[ipsusa.net/blog/grow-your-business-online-via-these-4-easy-ways/assets/img/user4.html]
[ipsusa.net/indexcbb7.html]
[ipsusa.net/wp-content/uploads/2020/10/Outsource-Companies-for-Web-Development-Services-in-USA-1.jpg]
[ipsusa.net/blog/outsource-companies-for-web-development-services-in-usa/feed/index.html]
[ipsusa.net/wp-json/wp/v2/posts/4342.json]
[ipsusa.net/wp-json/oembed/1.0/embedc240.json]
[ipsusa.net/wp-json/oembed/1.0/embed0c96]
[ipsusa.net/blog/outsource-companies-for-web-development-services-in-usa/index.html]
[ipsusa.net/blog/escalate-business-growth-with-the-following-offshoring-benefits/assets/img/user1.html]
[ipsusa.net/blog/escalate-business-growth-with-the-following-offshoring-benefits/assets/img/blog/blog-img2.html]
[ipsusa.net/blog/escalate-business-growth-with-the-following-offshoring-benefits/assets/img/blog/blog-img3.html]
[ipsusa.net/blog/escalate-business-growth-with-the-following-offshoring-benefits/assets/img/user2.html]
[ipsusa.net/blog/escalate-business-growth-with-the-following-offshoring-benefits/assets/img/user3.html]
[ipsusa.net/blog/escalate-business-growth-with-the-following-offshoring-benefits/assets/img/user4.html]
[ipsusa.net/index82cf.html]
[ipsusa.net/blog/3-reasons-why-businesses-must-use-google-adwords/assets/img/user1.html]
[ipsusa.net/blog/3-reasons-why-businesses-must-use-google-adwords/assets/img/blog/blog-img2.html]
[ipsusa.net/blog/3-reasons-why-businesses-must-use-google-adwords/assets/img/blog/blog-img3.html]
[ipsusa.net/blog/3-reasons-why-businesses-must-use-google-adwords/assets/img/user2.html]
[ipsusa.net/blog/3-reasons-why-businesses-must-use-google-adwords/assets/img/user3.html]
[ipsusa.net/blog/3-reasons-why-businesses-must-use-google-adwords/assets/img/user4.html]
[ipsusa.net/index4b0b.html]
[ipsusa.net/blog/your-business-needs-the-right-seo-ppc-combination/assets/img/user1.html]
[ipsusa.net/blog/your-business-needs-the-right-seo-ppc-combination/assets/img/blog/blog-img2.html]
[ipsusa.net/blog/your-business-needs-the-right-seo-ppc-combination/assets/img/blog/blog-img3.html]
[ipsusa.net/blog/your-business-needs-the-right-seo-ppc-combination/assets/img/user2.html]
[ipsusa.net/blog/your-business-needs-the-right-seo-ppc-combination/assets/img/user3.html]
[ipsusa.net/blog/your-business-needs-the-right-seo-ppc-combination/assets/img/user4.html]
[ipsusa.net/index2409.html]
[ipsusa.net/blog/why-should-you-outsource-seo-services/assets/img/user1.html]
[ipsusa.net/blog/why-should-you-outsource-seo-services/assets/img/blog/blog-img2.html]
[ipsusa.net/blog/why-should-you-outsource-seo-services/assets/img/blog/blog-img3.html]
[ipsusa.net/blog/why-should-you-outsource-seo-services/assets/img/user2.html]
[ipsusa.net/blog/why-should-you-outsource-seo-services/assets/img/user3.html]
[ipsusa.net/blog/why-should-you-outsource-seo-services/assets/img/user4.html]
[ipsusa.net/index4f8d.html]
[ipsusa.net/blog/seo-services-a-to-z-of-copy-writing-for-beginners/assets/img/user1.html]
[ipsusa.net/blog/seo-services-a-to-z-of-copy-writing-for-beginners/assets/img/blog/blog-img2.html]
[ipsusa.net/blog/seo-services-a-to-z-of-copy-writing-for-beginners/assets/img/blog/blog-img3.html]
[ipsusa.net/blog/seo-services-a-to-z-of-copy-writing-for-beginners/assets/img/user2.html]
[ipsusa.net/blog/seo-services-a-to-z-of-copy-writing-for-beginners/assets/img/user3.html]
[ipsusa.net/blog/seo-services-a-to-z-of-copy-writing-for-beginners/assets/img/user4.html]
[ipsusa.net/index01a0.html]
[ipsusa.net/blog/why-is-it-a-good-idea-to-outsource-seo-services-in-america/assets/img/user1.html]
[ipsusa.net/blog/why-is-it-a-good-idea-to-outsource-seo-services-in-america/assets/img/blog/blog-img2.html]
[ipsusa.net/blog/why-is-it-a-good-idea-to-outsource-seo-services-in-america/assets/img/blog/blog-img3.html]
[ipsusa.net/blog/why-is-it-a-good-idea-to-outsource-seo-services-in-america/assets/img/user2.html]
[ipsusa.net/blog/why-is-it-a-good-idea-to-outsource-seo-services-in-america/assets/img/user3.html]
[ipsusa.net/blog/why-is-it-a-good-idea-to-outsource-seo-services-in-america/assets/img/user4.html]
[ipsusa.net/index13c7.html]
[ipsusa.net/blog/6-seo-tactics-to-boost-wordpress-websites/assets/img/user1.html]
[ipsusa.net/blog/6-seo-tactics-to-boost-wordpress-websites/assets/img/blog/blog-img2.html]
[ipsusa.net/blog/6-seo-tactics-to-boost-wordpress-websites/assets/img/blog/blog-img3.html]
[ipsusa.net/blog/6-seo-tactics-to-boost-wordpress-websites/assets/img/user2.html]
[ipsusa.net/blog/6-seo-tactics-to-boost-wordpress-websites/assets/img/user3.html]
[ipsusa.net/blog/6-seo-tactics-to-boost-wordpress-websites/assets/img/user4.html]
[ipsusa.net/index62ba.html]
[ipsusa.net/blog/the-3-little-secrets-of-seo-friendly-content/assets/img/user1.html]
[ipsusa.net/blog/the-3-little-secrets-of-seo-friendly-content/assets/img/blog/blog-img2.html]
[ipsusa.net/blog/the-3-little-secrets-of-seo-friendly-content/assets/img/blog/blog-img3.html]
[ipsusa.net/blog/the-3-little-secrets-of-seo-friendly-content/assets/img/user2.html]
[ipsusa.net/blog/the-3-little-secrets-of-seo-friendly-content/assets/img/user3.html]
[ipsusa.net/blog/the-3-little-secrets-of-seo-friendly-content/assets/img/user4.html]
[ipsusa.net/indexcf98.html]
[ipsusa.net/blog/top-3-seo-plugins-for-optimization-of-a-website-on-wordpress/assets/img/user1.html]
[ipsusa.net/blog/top-3-seo-plugins-for-optimization-of-a-website-on-wordpress/assets/img/blog/blog-img2.html]
[ipsusa.net/blog/top-3-seo-plugins-for-optimization-of-a-website-on-wordpress/assets/img/blog/blog-img3.html]
[ipsusa.net/blog/top-3-seo-plugins-for-optimization-of-a-website-on-wordpress/assets/img/user2.html]
[ipsusa.net/blog/top-3-seo-plugins-for-optimization-of-a-website-on-wordpress/assets/img/user3.html]
[ipsusa.net/blog/top-3-seo-plugins-for-optimization-of-a-website-on-wordpress/assets/img/user4.html]
[ipsusa.net/index3fae.html]
[ipsusa.net/blog/top-five-off-site-seo-tactics-to-rule-on-serp-in-2021/assets/img/user1.html]
[ipsusa.net/blog/top-five-off-site-seo-tactics-to-rule-on-serp-in-2021/assets/img/blog/blog-img2.html]
[ipsusa.net/blog/top-five-off-site-seo-tactics-to-rule-on-serp-in-2021/assets/img/blog/blog-img3.html]
[ipsusa.net/blog/top-five-off-site-seo-tactics-to-rule-on-serp-in-2021/assets/img/user2.html]
[ipsusa.net/blog/top-five-off-site-seo-tactics-to-rule-on-serp-in-2021/assets/img/user3.html]
[ipsusa.net/blog/top-five-off-site-seo-tactics-to-rule-on-serp-in-2021/assets/img/user4.html]
[ipsusa.net/indexe279.html]
[ipsusa.net/seo-services/index.html]
[ipsusa.net/blog/seo-strategies-that-can-work-wonders-for-small-budgets/assets/img/user1.html]
[ipsusa.net/blog/seo-strategies-that-can-work-wonders-for-small-budgets/assets/img/blog/blog-img2.html]
[ipsusa.net/blog/seo-strategies-that-can-work-wonders-for-small-budgets/assets/img/blog/blog-img3.html]
[ipsusa.net/blog/seo-strategies-that-can-work-wonders-for-small-budgets/assets/img/user2.html]
[ipsusa.net/blog/seo-strategies-that-can-work-wonders-for-small-budgets/assets/img/user3.html]
[ipsusa.net/blog/seo-strategies-that-can-work-wonders-for-small-budgets/assets/img/user4.html]
[ipsusa.net/indexd111.html]
[ipsusa.net/blog/3-dos-donts-of-social-media-marketing/assets/img/user1.html]
[ipsusa.net/blog/3-dos-donts-of-social-media-marketing/assets/img/blog/blog-img2.html]
[ipsusa.net/blog/3-dos-donts-of-social-media-marketing/assets/img/blog/blog-img3.html]
[ipsusa.net/blog/3-dos-donts-of-social-media-marketing/assets/img/user2.html]
[ipsusa.net/blog/3-dos-donts-of-social-media-marketing/assets/img/user3.html]
[ipsusa.net/blog/3-dos-donts-of-social-media-marketing/assets/img/user4.html]
[ipsusa.net/indexb236.html]
[ipsusa.net/blog/top-3-web-development-services-trends-for-2021-beyond/assets/img/user1.html]
[ipsusa.net/blog/top-3-web-development-services-trends-for-2021-beyond/assets/img/blog/blog-img2.html]
[ipsusa.net/blog/top-3-web-development-services-trends-for-2021-beyond/assets/img/blog/blog-img3.html]
[ipsusa.net/blog/top-3-web-development-services-trends-for-2021-beyond/assets/img/user2.html]
[ipsusa.net/blog/top-3-web-development-services-trends-for-2021-beyond/assets/img/user3.html]
[ipsusa.net/blog/top-3-web-development-services-trends-for-2021-beyond/assets/img/user4.html]
[ipsusa.net/indexd92e.html]
[ipsusa.net/blog/5-tips-for-business-growth-via-web-development-services/assets/img/user1.html]
[ipsusa.net/blog/5-tips-for-business-growth-via-web-development-services/assets/img/blog/blog-img2.html]
[ipsusa.net/blog/5-tips-for-business-growth-via-web-development-services/assets/img/blog/blog-img3.html]
[ipsusa.net/blog/5-tips-for-business-growth-via-web-development-services/assets/img/user2.html]
[ipsusa.net/blog/5-tips-for-business-growth-via-web-development-services/assets/img/user3.html]
[ipsusa.net/blog/5-tips-for-business-growth-via-web-development-services/assets/img/user4.html]
[ipsusa.net/indexaa6d.html]
[ipsusa.net/blog/how-bpo-services-help-you-build-the-perfect-business/assets/img/user1.html]
[ipsusa.net/blog/how-bpo-services-help-you-build-the-perfect-business/assets/img/blog/blog-img2.html]
[ipsusa.net/blog/how-bpo-services-help-you-build-the-perfect-business/assets/img/blog/blog-img3.html]
[ipsusa.net/blog/how-bpo-services-help-you-build-the-perfect-business/assets/img/user2.html]
[ipsusa.net/blog/how-bpo-services-help-you-build-the-perfect-business/assets/img/user3.html]
[ipsusa.net/blog/how-bpo-services-help-you-build-the-perfect-business/assets/img/user4.html]
[ipsusa.net/indexf8c3.html]
[ipsusa.net/wp-content/uploads/2019/02/4-BPO-Trends-to-Rule-the-Outsourcing-Industry-in-2021..jpg]
[ipsusa.net/wp-json/wp/v2/posts/3778.json]
[ipsusa.net/blog/4-bpo-trends-to-rule-the-outsourcing-industry-in-2021/feed/index.html]
[ipsusa.net/wp-json/oembed/1.0/embed4c47.json]
[ipsusa.net/wp-json/oembed/1.0/embed5911]
[ipsusa.net/blog/4-bpo-trends-to-rule-the-outsourcing-industry-in-2021/index.html]
[ipsusa.net/blog/robotic-process-automation-rpa-a-threat-or-a-blessing-for-bpo-services/assets/img/user1.html]
[ipsusa.net/blog/robotic-process-automation-rpa-a-threat-or-a-blessing-for-bpo-services/assets/img/blog/blog-img2.html]
[ipsusa.net/blog/robotic-process-automation-rpa-a-threat-or-a-blessing-for-bpo-services/assets/img/blog/blog-img3.html]
[ipsusa.net/blog/robotic-process-automation-rpa-a-threat-or-a-blessing-for-bpo-services/assets/img/user2.html]
[ipsusa.net/blog/robotic-process-automation-rpa-a-threat-or-a-blessing-for-bpo-services/assets/img/user3.html]
[ipsusa.net/blog/robotic-process-automation-rpa-a-threat-or-a-blessing-for-bpo-services/assets/img/user4.html]
[ipsusa.net/index4682.html]
[ipsusa.net/ppc-management-company/index.html]
[ipsusa.net/blog/leveraging-digital-marketing-services-is-an-elixir-for-brands/assets/img/user1.html]
[ipsusa.net/blog/leveraging-digital-marketing-services-is-an-elixir-for-brands/assets/img/blog/blog-img2.html]
[ipsusa.net/blog/leveraging-digital-marketing-services-is-an-elixir-for-brands/assets/img/blog/blog-img3.html]
[ipsusa.net/blog/leveraging-digital-marketing-services-is-an-elixir-for-brands/assets/img/user2.html]
[ipsusa.net/blog/leveraging-digital-marketing-services-is-an-elixir-for-brands/assets/img/user3.html]
[ipsusa.net/blog/leveraging-digital-marketing-services-is-an-elixir-for-brands/assets/img/user4.html]
[ipsusa.net/indexa791.html]
[ipsusa.net/wp-content/uploads/2019/09/Why-Google-Listing-is-vital-to-Digital-Marketing-Services.jpg]
[ipsusa.net/blog/why-google-listing-is-vital-to-digital-marketing-services/feed/index.html]
[ipsusa.net/wp-json/wp/v2/posts/3969.json]
[ipsusa.net/wp-json/oembed/1.0/embed30cf.json]
[ipsusa.net/wp-json/oembed/1.0/embed2d57]
[ipsusa.net/blog/why-google-listing-is-vital-to-digital-marketing-services/index.html]
[ipsusa.net/blog/how-to-choose-trustworthy-digital-marketing-services-in-usa/assets/img/user1.html]
[ipsusa.net/blog/how-to-choose-trustworthy-digital-marketing-services-in-usa/assets/img/blog/blog-img2.html]
[ipsusa.net/blog/how-to-choose-trustworthy-digital-marketing-services-in-usa/assets/img/blog/blog-img3.html]
[ipsusa.net/blog/how-to-choose-trustworthy-digital-marketing-services-in-usa/assets/img/user2.html]
[ipsusa.net/blog/how-to-choose-trustworthy-digital-marketing-services-in-usa/assets/img/user3.html]
[ipsusa.net/blog/how-to-choose-trustworthy-digital-marketing-services-in-usa/assets/img/user4.html]
[ipsusa.net/indexffdc.html]
[ipsusa.net/blog/the-6-benefits-of-virtual-assistants-in-2021/assets/img/user1.html]
[ipsusa.net/blog/the-6-benefits-of-virtual-assistants-in-2021/assets/img/blog/blog-img2.html]
[ipsusa.net/blog/the-6-benefits-of-virtual-assistants-in-2021/assets/img/blog/blog-img3.html]
[ipsusa.net/blog/the-6-benefits-of-virtual-assistants-in-2021/assets/img/user2.html]
[ipsusa.net/blog/the-6-benefits-of-virtual-assistants-in-2021/assets/img/user3.html]
[ipsusa.net/blog/the-6-benefits-of-virtual-assistants-in-2021/assets/img/user4.html]
[ipsusa.net/indexe582.html]
[ipsusa.net/blog/how-does-digital-marketing-agency-add-value-to-cmos-work/assets/img/user1.html]
[ipsusa.net/blog/how-does-digital-marketing-agency-add-value-to-cmos-work/assets/img/blog/blog-img2.html]
[ipsusa.net/blog/how-does-digital-marketing-agency-add-value-to-cmos-work/assets/img/blog/blog-img3.html]
[ipsusa.net/blog/how-does-digital-marketing-agency-add-value-to-cmos-work/assets/img/user2.html]
[ipsusa.net/blog/how-does-digital-marketing-agency-add-value-to-cmos-work/assets/img/user3.html]
[ipsusa.net/blog/how-does-digital-marketing-agency-add-value-to-cmos-work/assets/img/user4.html]
[ipsusa.net/index969d.html]
[ipsusa.net/blog/outsource-companies-for-web-development-services-in-usa/assets/img/user1.html]
[ipsusa.net/blog/outsource-companies-for-web-development-services-in-usa/assets/img/blog/blog-img2.html]
[ipsusa.net/blog/outsource-companies-for-web-development-services-in-usa/assets/img/blog/blog-img3.html]
[ipsusa.net/blog/outsource-companies-for-web-development-services-in-usa/assets/img/user2.html]
[ipsusa.net/blog/outsource-companies-for-web-development-services-in-usa/assets/img/user3.html]
[ipsusa.net/blog/outsource-companies-for-web-development-services-in-usa/assets/img/user4.html]
[ipsusa.net/index2e2c.html]
[ipsusa.net/blog/4-bpo-trends-to-rule-the-outsourcing-industry-in-2021/assets/img/user1.html]
[ipsusa.net/blog/4-bpo-trends-to-rule-the-outsourcing-industry-in-2021/assets/img/blog/blog-img2.html]
[ipsusa.net/blog/4-bpo-trends-to-rule-the-outsourcing-industry-in-2021/assets/img/blog/blog-img3.html]
[ipsusa.net/blog/4-bpo-trends-to-rule-the-outsourcing-industry-in-2021/assets/img/user2.html]
[ipsusa.net/blog/4-bpo-trends-to-rule-the-outsourcing-industry-in-2021/assets/img/user3.html]
[ipsusa.net/blog/4-bpo-trends-to-rule-the-outsourcing-industry-in-2021/assets/img/user4.html]
[ipsusa.net/index1b8a.html]
[ipsusa.net/blog/why-google-listing-is-vital-to-digital-marketing-services/assets/img/user1.html]
[ipsusa.net/blog/why-google-listing-is-vital-to-digital-marketing-services/assets/img/blog/blog-img2.html]
[ipsusa.net/blog/why-google-listing-is-vital-to-digital-marketing-services/assets/img/blog/blog-img3.html]
[ipsusa.net/blog/why-google-listing-is-vital-to-digital-marketing-services/assets/img/user2.html]
[ipsusa.net/blog/why-google-listing-is-vital-to-digital-marketing-services/assets/img/user3.html]
[ipsusa.net/blog/why-google-listing-is-vital-to-digital-marketing-services/assets/img/user4.html]
